Archive member included to satisfy reference by file (symbol)

C:/ST/STM32CubeCLT_1.18.0/GNU-tools-for-STM32/bin/../lib/gcc/arm-none-eabi/13.3.1/../../../../arm-none-eabi/lib/thumb/v7e-m+fp/hard\libc_nano.a(libc_a-exit.o)
                              C:/ST/STM32CubeCLT_1.18.0/GNU-tools-for-STM32/bin/../lib/gcc/arm-none-eabi/13.3.1/../../../../arm-none-eabi/lib/thumb/v7e-m+fp/hard/crt0.o (exit)
C:/ST/STM32CubeCLT_1.18.0/GNU-tools-for-STM32/bin/../lib/gcc/arm-none-eabi/13.3.1/../../../../arm-none-eabi/lib/thumb/v7e-m+fp/hard\libc_nano.a(libc_a-findfp.o)
                              C:/ST/STM32CubeCLT_1.18.0/GNU-tools-for-STM32/bin/../lib/gcc/arm-none-eabi/13.3.1/../../../../arm-none-eabi/lib/thumb/v7e-m+fp/hard\libc_nano.a(libc_a-exit.o) (__stdio_exit_handler)
C:/ST/STM32CubeCLT_1.18.0/GNU-tools-for-STM32/bin/../lib/gcc/arm-none-eabi/13.3.1/../../../../arm-none-eabi/lib/thumb/v7e-m+fp/hard\libc_nano.a(libc_a-fwalk.o)
                              C:/ST/STM32CubeCLT_1.18.0/GNU-tools-for-STM32/bin/../lib/gcc/arm-none-eabi/13.3.1/../../../../arm-none-eabi/lib/thumb/v7e-m+fp/hard\libc_nano.a(libc_a-findfp.o) (_fwalk_sglue)
C:/ST/STM32CubeCLT_1.18.0/GNU-tools-for-STM32/bin/../lib/gcc/arm-none-eabi/13.3.1/../../../../arm-none-eabi/lib/thumb/v7e-m+fp/hard\libc_nano.a(libc_a-stdio.o)
                              C:/ST/STM32CubeCLT_1.18.0/GNU-tools-for-STM32/bin/../lib/gcc/arm-none-eabi/13.3.1/../../../../arm-none-eabi/lib/thumb/v7e-m+fp/hard\libc_nano.a(libc_a-findfp.o) (__sread)
C:/ST/STM32CubeCLT_1.18.0/GNU-tools-for-STM32/bin/../lib/gcc/arm-none-eabi/13.3.1/../../../../arm-none-eabi/lib/thumb/v7e-m+fp/hard\libc_nano.a(libc_a-memset.o)
                              C:/ST/STM32CubeCLT_1.18.0/GNU-tools-for-STM32/bin/../lib/gcc/arm-none-eabi/13.3.1/../../../../arm-none-eabi/lib/thumb/v7e-m+fp/hard/crt0.o (memset)
C:/ST/STM32CubeCLT_1.18.0/GNU-tools-for-STM32/bin/../lib/gcc/arm-none-eabi/13.3.1/../../../../arm-none-eabi/lib/thumb/v7e-m+fp/hard\libc_nano.a(libc_a-closer.o)
                              C:/ST/STM32CubeCLT_1.18.0/GNU-tools-for-STM32/bin/../lib/gcc/arm-none-eabi/13.3.1/../../../../arm-none-eabi/lib/thumb/v7e-m+fp/hard\libc_nano.a(libc_a-stdio.o) (_close_r)
C:/ST/STM32CubeCLT_1.18.0/GNU-tools-for-STM32/bin/../lib/gcc/arm-none-eabi/13.3.1/../../../../arm-none-eabi/lib/thumb/v7e-m+fp/hard\libc_nano.a(libc_a-reent.o)
                              C:/ST/STM32CubeCLT_1.18.0/GNU-tools-for-STM32/bin/../lib/gcc/arm-none-eabi/13.3.1/../../../../arm-none-eabi/lib/thumb/v7e-m+fp/hard\libc_nano.a(libc_a-closer.o) (errno)
C:/ST/STM32CubeCLT_1.18.0/GNU-tools-for-STM32/bin/../lib/gcc/arm-none-eabi/13.3.1/../../../../arm-none-eabi/lib/thumb/v7e-m+fp/hard\libc_nano.a(libc_a-impure.o)
                              C:/ST/STM32CubeCLT_1.18.0/GNU-tools-for-STM32/bin/../lib/gcc/arm-none-eabi/13.3.1/../../../../arm-none-eabi/lib/thumb/v7e-m+fp/hard\libc_nano.a(libc_a-reent.o) (_impure_ptr)
C:/ST/STM32CubeCLT_1.18.0/GNU-tools-for-STM32/bin/../lib/gcc/arm-none-eabi/13.3.1/../../../../arm-none-eabi/lib/thumb/v7e-m+fp/hard\libc_nano.a(libc_a-lseekr.o)
                              C:/ST/STM32CubeCLT_1.18.0/GNU-tools-for-STM32/bin/../lib/gcc/arm-none-eabi/13.3.1/../../../../arm-none-eabi/lib/thumb/v7e-m+fp/hard\libc_nano.a(libc_a-stdio.o) (_lseek_r)
C:/ST/STM32CubeCLT_1.18.0/GNU-tools-for-STM32/bin/../lib/gcc/arm-none-eabi/13.3.1/../../../../arm-none-eabi/lib/thumb/v7e-m+fp/hard\libc_nano.a(libc_a-readr.o)
                              C:/ST/STM32CubeCLT_1.18.0/GNU-tools-for-STM32/bin/../lib/gcc/arm-none-eabi/13.3.1/../../../../arm-none-eabi/lib/thumb/v7e-m+fp/hard\libc_nano.a(libc_a-stdio.o) (_read_r)
C:/ST/STM32CubeCLT_1.18.0/GNU-tools-for-STM32/bin/../lib/gcc/arm-none-eabi/13.3.1/../../../../arm-none-eabi/lib/thumb/v7e-m+fp/hard\libc_nano.a(libc_a-writer.o)
                              C:/ST/STM32CubeCLT_1.18.0/GNU-tools-for-STM32/bin/../lib/gcc/arm-none-eabi/13.3.1/../../../../arm-none-eabi/lib/thumb/v7e-m+fp/hard\libc_nano.a(libc_a-stdio.o) (_write_r)
C:/ST/STM32CubeCLT_1.18.0/GNU-tools-for-STM32/bin/../lib/gcc/arm-none-eabi/13.3.1/../../../../arm-none-eabi/lib/thumb/v7e-m+fp/hard\libc_nano.a(libc_a-init.o)
                              C:/ST/STM32CubeCLT_1.18.0/GNU-tools-for-STM32/bin/../lib/gcc/arm-none-eabi/13.3.1/../../../../arm-none-eabi/lib/thumb/v7e-m+fp/hard/crt0.o (__libc_init_array)
C:/ST/STM32CubeCLT_1.18.0/GNU-tools-for-STM32/bin/../lib/gcc/arm-none-eabi/13.3.1/../../../../arm-none-eabi/lib/thumb/v7e-m+fp/hard\libc_nano.a(libc_a-lock.o)
                              C:/ST/STM32CubeCLT_1.18.0/GNU-tools-for-STM32/bin/../lib/gcc/arm-none-eabi/13.3.1/../../../../arm-none-eabi/lib/thumb/v7e-m+fp/hard\libc_nano.a(libc_a-findfp.o) (__retarget_lock_init_recursive)
C:/ST/STM32CubeCLT_1.18.0/GNU-tools-for-STM32/bin/../lib/gcc/arm-none-eabi/13.3.1/../../../../arm-none-eabi/lib/thumb/v7e-m+fp/hard\libc_nano.a(libc_a-freer.o)
[...]
Memory Configuration

Name             Origin             Length             Attributes
RAM              0x20000000         0x00020000         xrw
FLASH            0x08000000         0x00080000         xr
*default*        0x00000000         0xffffffff

Linker script and memory map

LOAD C:/ST/STM32CubeCLT_1.18.0/GNU-tools-for-STM32/bin/../lib/gcc/arm-none-eabi/13.3.1/thumb/v7e-m+fp/hard/crti.o
LOAD C:/ST/STM32CubeCLT_1.18.0/GNU-tools-for-STM32/bin/../lib/gcc/arm-none-eabi/13.3.1/thumb/v7e-m+fp/hard/crtbegin.o
LOAD C:/ST/STM32CubeCLT_1.18.0/GNU-tools-for-STM32/bin/../lib/gcc/arm-none-eabi/13.3.1/../../../../arm-none-eabi/lib/thumb/v7e-m+fp/hard/crt0.o
START GROUP
LOAD C:/ST/STM32CubeCLT_1.18.0/GNU-tools-for-STM32/bin/../lib/gcc/arm-none-eabi/13.3.1/../../../../arm-none-eabi/lib/thumb/v7e-m+fp/hard\libc_nano.a
LOAD C:/ST/STM32CubeCLT_1.18.0/GNU-tools-for-STM32/bin/../lib/gcc/arm-none-eabi/13.3.1/../../../../arm-none-eabi/lib/thumb/v7e-m+fp/hard\libm.a
END GROUP
LOAD cmake/stm32cubemx/CMakeFiles/STM32_Drivers.dir/__/__/Core/Src/system_stm32f4xx.c.obj
LOAD cmake/stm32cubemx/CMakeFiles/STM32_Drivers.dir/__/__/Drivers/STM32F4xx_HAL_Driver/Src/stm32f4xx_hal_can.c.obj
LOAD cmake/stm32cubemx/CMakeFiles/STM32_Drivers.dir/__/__/Drivers/STM32F4xx_HAL_Driver/Src/stm32f4xx_hal_rcc.c.obj
LOAD cmake/stm32cubemx/CMakeFiles/STM32_Drivers.dir/__/__/Drivers/STM32F4xx_HAL_Driver/Src/stm32f4xx_hal_rcc_ex.c.obj
LOAD cmake/stm32cubemx/CMakeFiles/STM32_Drivers.dir/__/__/Drivers/STM32F4xx_HAL_Driver/Src/stm32f4xx_hal_flash.c.obj
LOAD cmake/stm32cubemx/CMakeFiles/STM32_Drivers.dir/__/__/Drivers/STM32F4xx_HAL_Driver/Src/stm32f4xx_hal_flash_ex.c.obj
LOAD cmake/stm32cubemx/CMakeFiles/STM32_Drivers.dir/__/__/Drivers/STM32F4xx_HAL_Driver/Src/stm32f4xx_hal_flash_ramfunc.c.obj
LOAD cmake/stm32cubemx/CMakeFiles/STM32_Drivers.dir/__/__/Drivers/STM32F4xx_HAL_Driver/Src/stm32f4xx_hal_gpio.c.obj
LOAD cmake/stm32cubemx/CMakeFiles/STM32_Drivers.dir/__/__/Drivers/STM32F4xx_HAL_Driver/Src/stm32f4xx_hal_dma_ex.c.obj
LOAD cmake/stm32cubemx/CMakeFiles/STM32_Drivers.dir/__/__/Drivers/STM32F4xx_HAL_Driver/Src/stm32f4xx_hal_dma.c.obj
LOAD cmake/stm32cubemx/CMakeFiles/STM32_Drivers.dir/__/__/Drivers/STM32F4xx_HAL_Driver/Src/stm32f4xx_hal_pwr.c.obj
LOAD cmake/stm32cubemx/CMakeFiles/STM32_Drivers.dir/__/__/Drivers/STM32F4xx_HAL_Driver/Src/stm32f4xx_hal_pwr_ex.c.obj
LOAD cmake/stm32cubemx/CMakeFiles/STM32_Drivers.dir/__/__/Drivers/STM32F4xx_HAL_Driver/Src/stm32f4xx_hal_cortex.c.obj
LOAD cmake/stm32cubemx/CMakeFiles/STM32_Drivers.dir/__/__/Drivers/STM32F4xx_HAL_Driver/Src/stm32f4xx_hal.c.obj
LOAD cmake/stm32cubemx/CMakeFiles/STM32_Drivers.dir/__/__/Drivers/STM32F4xx_HAL_Driver/Src/stm32f4xx_hal_exti.c.obj
LOAD cmake/stm32cubemx/CMakeFiles/STM32_Drivers.dir/__/__/Drivers/STM32F4xx_HAL_Driver/Src/stm32f4xx_hal_tim.c.obj
LOAD cmake/stm32cubemx/CMakeFiles/STM32_Drivers.dir/__/__/Drivers/STM32F4xx_HAL_Driver/Src/stm32f4xx_hal_tim_ex.c.obj
LOAD cmake/stm32cubemx/CMakeFiles/STM32_Drivers.dir/__/__/Drivers/STM32F4xx_HAL_Driver/Src/stm32f4xx_hal_uart.c.obj
LOAD CMakeFiles/STM_MainBoard.dir/Core/Src/main.c.obj
LOAD CMakeFiles/STM_MainBoard.dir/Core/Src/stm32f4xx_it.c.obj
LOAD CMakeFiles/STM_MainBoard.dir/Core/Src/stm32f4xx_hal_msp.c.obj
LOAD CMakeFiles/STM_MainBoard.dir/Core/Src/sysmem.c.obj
LOAD CMakeFiles/STM_MainBoard.dir/Core/Src/syscalls.c.obj
LOAD CMakeFiles/STM_MainBoard.dir/startup_stm32f446xx.s.obj
LOAD CMakeFiles/STM_MainBoard.dir/Core/Src/imrc_ecan.c.obj
LOAD CMakeFiles/STM_MainBoard.dir/Core/Src/imrc_LD_220MG.c.obj
LOAD CMakeFiles/STM_MainBoard.dir/Core/Src/imrc_RU_control.c.obj
LOAD CMakeFiles/STM_MainBoard.dir/Core/Src/imrc_MCU_control.c.obj
LOAD CMakeFiles/STM_MainBoard.dir/Core/Src/canCtrlConv.c.obj
LOAD CMakeFiles/STM_MainBoard.dir/Core/Src/imrc_PCU_control.c.obj
START GROUP
LOAD C:/ST/STM32CubeCLT_1.18.0/GNU-tools-for-STM32/bin/../lib/gcc/arm-none-eabi/13.3.1/thumb/v7e-m+fp/hard\libgcc.a
LOAD C:/ST/STM32CubeCLT_1.18.0/GNU-tools-for-STM32/bin/../lib/gcc/arm-none-eabi/13.3.1/../../../../arm-none-eabi/lib/thumb/v7e-m+fp/hard\libg_nano.a
LOAD C:/ST/STM32CubeCLT_1.18.0/GNU-tools-for-STM32/bin/../lib/gcc/arm-none-eabi/13.3.1/../../../../arm-none-eabi/lib/thumb/v7e-m+fp/hard\libc_nano.a
END GROUP
START GROUP
LOAD C:/ST/STM32CubeCLT_1.18.0/GNU-tools-for-STM32/bin/../lib/gcc/arm-none-eabi/13.3.1/thumb/v7e-m+fp/hard\libgcc.a
LOAD C:/ST/STM32CubeCLT_1.18.0/GNU-tools-for-STM32/bin/../lib/gcc/arm-none-eabi/13.3.1/../../../../arm-none-eabi/lib/thumb/v7e-m+fp/hard\libc_nano.a
END GROUP
LOAD C:/ST/STM32CubeCLT_1.18.0/GNU-tools-for-STM32/bin/../lib/gcc/arm-none-eabi/13.3.1/thumb/v7e-m+fp/hard/crtend.o
LOAD C:/ST/STM32CubeCLT_1.18.0/GNU-tools-for-STM32/bin/../lib/gcc/arm-none-eabi/13.3.1/thumb/v7e-m+fp/hard/crtn.o
                0x20020000                        _estack = (ORIGIN (RAM) + LENGTH (RAM))
                0x00000200                        _Min_Heap_Size = 0x200
                0x00000400                        _Min_Stack_Size = 0x400

.isr_vector     0x08000000      0x1c4
                0x08000000                        . = ALIGN (0x4)
 *(.isr_vector)
 .isr_vector    0x08000000      0x1c4 CMakeFiles/STM_MainBoard.dir/startup_stm32f446xx.s.obj
                0x08000000                g_pfnVectors
                0x080001c4                        . = ALIGN (0x4)

.text           0x080001d0     0x7110
                0x080001d0                        . = ALIGN (0x4)
 *(.text)
 .text          0x080001d0       0x40 C:/ST/STM32CubeCLT_1.18.0/GNU-tools-for-STM32/bin/../lib/gcc/arm-none-eabi/13.3.1/thumb/v7e-m+fp/hard/crtbegin.o
 .text          0x08000210      0x378 C:/ST/STM32CubeCLT_1.18.0/GNU-tools-for-STM32/bin/../lib/gcc/arm-none-eabi/13.3.1/thumb/v7e-m+fp/hard\libgcc.a(_arm_addsubdf3.o)
                0x08000210                __aeabi_drsub
                0x08000218                __aeabi_dsub
                0x08000218                __subdf3
                0x0800021c                __aeabi_dadd
                0x0800021c                __adddf3
                0x08000494                __floatunsidf
                0x08000494                __aeabi_ui2d
                0x080004b4                __floatsidf
                0x080004b4                __aeabi_i2d
                0x080004d8                __aeabi_f2d
                0x080004d8                __extendsfdf2
                0x0800051c                __floatundidf
                0x0800051c                __aeabi_ul2d
                0x0800052c                __floatdidf
                0x0800052c                __aeabi_l2d
 .text          0x08000588       0x40 C:/ST/STM32CubeCLT_1.18.0/GNU-tools-for-STM32/bin/../lib/gcc/arm-none-eabi/13.3.1/thumb/v7e-m+fp/hard\libgcc.a(_arm_fixunsdfsi.o)
                0x08000588                __aeabi_d2uiz
                0x08000588                __fixunsdfsi
 .text          0x080005c8       0x30 C:/ST/STM32CubeCLT_1.18.0/GNU-tools-for-STM32/bin/../lib/gcc/arm-none-eabi/13.3.1/thumb/v7e-m+fp/hard\libgcc.a(_aeabi_uldivmod.o)
                0x080005c8                __aeabi_uldivmod
 .text          0x080005f8      0x2f8 C:/ST/STM32CubeCLT_1.18.0/GNU-tools-for-STM32/bin/../lib/gcc/arm-none-eabi/13.3.1/thumb/v7e-m+fp/hard\libgcc.a(_udivmoddi4.o)
                0x080005f8                __udivmoddi4
 .text          0x080008f0        0x4 C:/ST/STM32CubeCLT_1.18.0/GNU-tools-for-STM32/bin/../lib/gcc/arm-none-eabi/13.3.1/thumb/v7e-m+fp/hard\libgcc.a(_dvmd_tls.o)
                0x080008f0                __aeabi_idiv0
                0x080008f0                __aeabi_ldiv0
 *fill*         0x080008f4        0xc 
 .text          0x08000900       0xa0 C:/ST/STM32CubeCLT_1.18.0/GNU-tools-for-STM32/bin/../lib/gcc/arm-none-eabi/13.3.1/../../../../arm-none-eabi/lib/thumb/v7e-m+fp/hard\libg_nano.a(libc_a-memchr.o)
                0x08000900                memchr
 .text          0x080009a0      0x424 C:/ST/STM32CubeCLT_1.18.0/GNU-tools-for-STM32/bin/../lib/gcc/arm-none-eabi/13.3.1/thumb/v7e-m+fp/hard\libgcc.a(_arm_muldivdf3.o)
                0x080009a0                __aeabi_dmul
                0x080009a0                __muldf3
                0x08000bf4                __divdf3
                0x08000bf4                __aeabi_ddiv
 .text          0x08000dc4      0x110 C:/ST/STM32CubeCLT_1.18.0/GNU-tools-for-STM32/bin/../lib/gcc/arm-none-eabi/13.3.1/thumb/v7e-m+fp/hard\libgcc.a(_arm_cmpdf2.o)
                0x08000dc4                __gtdf2
                0x08000dc4                __gedf2
                0x08000dcc                __ltdf2
                0x08000dcc                __ledf2
                0x08000dd4                __nedf2
                0x08000dd4                __eqdf2
                0x08000dd4                __cmpdf2
                0x08000e50                __aeabi_cdrcmple
                0x08000e60                __aeabi_cdcmpeq
                0x08000e60                __aeabi_cdcmple
                0x08000e70                __aeabi_dcmpeq
                0x08000e84                __aeabi_dcmplt
                0x08000e98                __aeabi_dcmple
                0x08000eac                __aeabi_dcmpge
                0x08000ec0                __aeabi_dcmpgt
 .text          0x08000ed4       0x2c C:/ST/STM32CubeCLT_1.18.0/GNU-tools-for-STM32/bin/../lib/gcc/arm-none-eabi/13.3.1/thumb/v7e-m+fp/hard\libgcc.a(_arm_unorddf2.o)
                0x08000ed4                __unorddf2
                0x08000ed4                __aeabi_dcmpun
 *(.text*)
 .text.std      0x08000f00       0x6c C:/ST/STM32CubeCLT_1.18.0/GNU-tools-for-STM32/bin/../lib/gcc/arm-none-eabi/13.3.1/../../../../arm-none-eabi/lib/thumb/v7e-m+fp/hard\libc_nano.a(libc_a-findfp.o)
 .text.stdio_exit_handler
                0x08000f6c       0x18 C:/ST/STM32CubeCLT_1.18.0/GNU-tools-for-STM32/bin/../lib/gcc/arm-none-eabi/13.3.1/../../../../arm-none-eabi/lib/thumb/v7e-m+fp/hard\libc_nano.a(libc_a-findfp.o)
 .text.cleanup_stdio
                0x08000f84       0x40 C:/ST/STM32CubeCLT_1.18.0/GNU-tools-for-STM32/bin/../lib/gcc/arm-none-eabi/13.3.1/../../../../arm-none-eabi/lib/thumb/v7e-m+fp/hard\libc_nano.a(libc_a-findfp.o)
 .text.global_stdio_init.part.0
                0x08000fc4       0x3c C:/ST/STM32CubeCLT_1.18.0/GNU-tools-for-STM32/bin/../lib/gcc/arm-none-eabi/13.3.1/../../../../arm-none-eabi/lib/thumb/v7e-m+fp/hard\libc_nano.a(libc_a-findfp.o)
 .text.__sfp_lock_acquire
                0x08001000        0xc C:/ST/STM32CubeCLT_1.18.0/GNU-tools-for-STM32/bin/../lib/gcc/arm-none-eabi/13.3.1/../../../../arm-none-eabi/lib/thumb/v7e-m+fp/hard\libc_nano.a(libc_a-findfp.o)
                0x08001000                __sfp_lock_acquire
 .text.__sfp_lock_release
                0x0800100c        0xc C:/ST/STM32CubeCLT_1.18.0/GNU-tools-for-STM32/bin/../lib/gcc/arm-none-eabi/13.3.1/../../../../arm-none-eabi/lib/thumb/v7e-m+fp/hard\libc_nano.a(libc_a-findfp.o)
                0x0800100c                __sfp_lock_release
 .text.__sinit  0x08001018       0x30 C:/ST/STM32CubeCLT_1.18.0/GNU-tools-for-STM32/bin/../lib/gcc/arm-none-eabi/13.3.1/../../../../arm-none-eabi/lib/thumb/v7e-m+fp/hard\libc_nano.a(libc_a-findfp.o)
                0x08001018                __sinit
 .text._fwalk_sglue
                0x08001048       0x3c C:/ST/STM32CubeCLT_1.18.0/GNU-tools-for-STM32/bin/../lib/gcc/arm-none-eabi/13.3.1/../../../../arm-none-eabi/lib/thumb/v7e-m+fp/hard\libc_nano.a(libc_a-fwalk.o)
                0x08001048                _fwalk_sglue
 .text.__sread  0x08001084       0x22 C:/ST/STM32CubeCLT_1.18.0/GNU-tools-for-STM32/bin/../lib/gcc/arm-none-eabi/13.3.1/../../../../arm-none-eabi/lib/thumb/v7e-m+fp/hard\libc_nano.a(libc_a-stdio.o)
                0x08001084                __sread
 .text.__swrite
                0x080010a6       0x38 C:/ST/STM32CubeCLT_1.18.0/GNU-tools-for-STM32/bin/../lib/gcc/arm-none-eabi/13.3.1/../../../../arm-none-eabi/lib/thumb/v7e-m+fp/hard\libc_nano.a(libc_a-stdio.o)
                0x080010a6                __swrite
 .text.__sseek  0x080010de       0x24 C:/ST/STM32CubeCLT_1.18.0/GNU-tools-for-STM32/bin/../lib/gcc/arm-none-eabi/13.3.1/../../../../arm-none-eabi/lib/thumb/v7e-m+fp/hard\libc_nano.a(libc_a-stdio.o)
                0x080010de                __sseek
 .text.__sclose
                0x08001102        0x8 C:/ST/STM32CubeCLT_1.18.0/GNU-tools-for-STM32/bin/../lib/gcc/arm-none-eabi/13.3.1/../../../../arm-none-eabi/lib/thumb/v7e-m+fp/hard\libc_nano.a(libc_a-stdio.o)
                0x08001102                __sclose
 .text.memset   0x0800110a       0x10 C:/ST/STM32CubeCLT_1.18.0/GNU-tools-for-STM32/bin/../lib/gcc/arm-none-eabi/13.3.1/../../../../arm-none-eabi/lib/thumb/v7e-m+fp/hard\libc_nano.a(libc_a-memset.o)
                0x0800110a                memset
 *fill*         0x0800111a        0x2 
 .text._close_r
                0x0800111c       0x20 C:/ST/STM32CubeCLT_1.18.0/GNU-tools-for-STM32/bin/../lib/gcc/arm-none-eabi/13.3.1/../../../../arm-none-eabi/lib/thumb/v7e-m+fp/hard\libc_nano.a(libc_a-closer.o)
                0x0800111c                _close_r
 .text._lseek_r
                0x0800113c       0x24 C:/ST/STM32CubeCLT_1.18.0/GNU-tools-for-STM32/bin/../lib/gcc/arm-none-eabi/13.3.1/../../../../arm-none-eabi/lib/thumb/v7e-m+fp/hard\libc_nano.a(libc_a-lseekr.o)
                0x0800113c                _lseek_r
 .text._read_r  0x08001160       0x24 C:/ST/STM32CubeCLT_1.18.0/GNU-tools-for-STM32/bin/../lib/gcc/arm-none-eabi/13.3.1/../../../../arm-none-eabi/lib/thumb/v7e-m+fp/hard\libc_nano.a(libc_a-readr.o)
                0x08001160                _read_r
 .text._write_r
                0x08001184       0x24 C:/ST/STM32CubeCLT_1.18.0/GNU-tools-for-STM32/bin/../lib/gcc/arm-none-eabi/13.3.1/../../../../arm-none-eabi/lib/thumb/v7e-m+fp/hard\libc_nano.a(libc_a-writer.o)
                0x08001184                _write_r
 .text.__libc_init_array
                0x080011a8       0x48 C:/ST/STM32CubeCLT_1.18.0/GNU-tools-for-STM32/bin/../lib/gcc/arm-none-eabi/13.3.1/../../../../arm-none-eabi/lib/thumb/v7e-m+fp/hard\libc_nano.a(libc_a-init.o)
                0x080011a8                __libc_init_array
 .text.__retarget_lock_init_recursive
                0x080011f0        0x2 C:/ST/STM32CubeCLT_1.18.0/GNU-tools-for-STM32/bin/../lib/gcc/arm-none-eabi/13.3.1/../../../../arm-none-eabi/lib/thumb/v7e-m+fp/hard\libc_nano.a(libc_a-lock.o)
                0x080011f0                __retarget_lock_init_recursive
 .text.__retarget_lock_acquire_recursive
                0x080011f2        0x2 C:/ST/STM32CubeCLT_1.18.0/GNU-tools-for-STM32/bin/../lib/gcc/arm-none-eabi/13.3.1/../../../../arm-none-eabi/lib/thumb/v7e-m+fp/hard\libc_nano.a(libc_a-lock.o)
                0x080011f2                __retarget_lock_acquire_recursive
 .text.__retarget_lock_release_recursive
                0x080011f4        0x2 C:/ST/STM32CubeCLT_1.18.0/GNU-tools-for-STM32/bin/../lib/gcc/arm-none-eabi/13.3.1/../../../../arm-none-eabi/lib/thumb/v7e-m+fp/hard\libc_nano.a(libc_a-lock.o)
                0x080011f4                __retarget_lock_release_recursive
 *fill*         0x080011f6        0x2 
 .text._free_r  0x080011f8       0x94 C:/ST/STM32CubeCLT_1.18.0/GNU-tools-for-STM32/bin/../lib/gcc/arm-none-eabi/13.3.1/../../../../arm-none-eabi/lib/thumb/v7e-m+fp/hard\libc_nano.a(libc_a-freer.o)
                0x080011f8                _free_r
 .text.sbrk_aligned
                0x0800128c       0x44 C:/ST/STM32CubeCLT_1.18.0/GNU-tools-for-STM32/bin/../lib/gcc/arm-none-eabi/13.3.1/../../../../arm-none-eabi/lib/thumb/v7e-m+fp/hard\libc_nano.a(libc_a-mallocr.o)
 .text._malloc_r
                0x080012d0      0x100 C:/ST/STM32CubeCLT_1.18.0/GNU-tools-for-STM32/bin/../lib/gcc/arm-none-eabi/13.3.1/../../../../arm-none-eabi/lib/thumb/v7e-m+fp/hard\libc_nano.a(libc_a-mallocr.o)
                0x080012d0                _malloc_r
 .text.__malloc_lock
                0x080013d0        0xc C:/ST/STM32CubeCLT_1.18.0/GNU-tools-for-STM32/bin/../lib/gcc/arm-none-eabi/13.3.1/../../../../arm-none-eabi/lib/thumb/v7e-m+fp/hard\libc_nano.a(libc_a-mlock.o)
                0x080013d0                __malloc_lock
 .text.__malloc_unlock
                0x080013dc        0xc C:/ST/STM32CubeCLT_1.18.0/GNU-tools-for-STM32/bin/../lib/gcc/arm-none-eabi/13.3.1/../../../../arm-none-eabi/lib/thumb/v7e-m+fp/hard\libc_nano.a(libc_a-mlock.o)
                0x080013dc                __malloc_unlock
 .text.__sflush_r
                0x080013e8      0x108 C:/ST/STM32CubeCLT_1.18.0/GNU-tools-for-STM32/bin/../lib/gcc/arm-none-eabi/13.3.1/../../../../arm-none-eabi/lib/thumb/v7e-m+fp/hard\libc_nano.a(libc_a-fflush.o)
                0x080013e8                __sflush_r
 .text._fflush_r
                0x080014f0       0x50 C:/ST/STM32CubeCLT_1.18.0/GNU-tools-for-STM32/bin/../lib/gcc/arm-none-eabi/13.3.1/../../../../arm-none-eabi/lib/thumb/v7e-m+fp/hard\libc_nano.a(libc_a-fflush.o)
                0x080014f0                _fflush_r
 .text._sbrk_r  0x08001540       0x20 C:/ST/STM32CubeCLT_1.18.0/GNU-tools-for-STM32/bin/../lib/gcc/arm-none-eabi/13.3.1/../../../../arm-none-eabi/lib/thumb/v7e-m+fp/hard\libc_nano.a(libc_a-sbrkr.o)
                0x08001540                _sbrk_r
 .text.SystemInit
                0x08001560       0x24 cmake/stm32cubemx/CMakeFiles/STM32_Drivers.dir/__/__/Core/Src/system_stm32f4xx.c.obj
                0x08001560                SystemInit
 .text.HAL_CAN_Init
                0x08001584      0x1f6 cmake/stm32cubemx/CMakeFiles/STM32_Drivers.dir/__/__/Drivers/STM32F4xx_HAL_Driver/Src/stm32f4xx_hal_can.c.obj
                0x08001584                HAL_CAN_Init
 *fill*         0x0800177a        0x2 
 .text.HAL_CAN_ConfigFilter
                0x0800177c      0x1bc cmake/stm32cubemx/CMakeFiles/STM32_Drivers.dir/__/__/Drivers/STM32F4xx_HAL_Driver/Src/stm32f4xx_hal_can.c.obj
                0x0800177c                HAL_CAN_ConfigFilter
 .text.HAL_CAN_Start
                0x08001938       0x88 cmake/stm32cubemx/CMakeFiles/STM32_Drivers.dir/__/__/Drivers/STM32F4xx_HAL_Driver/Src/stm32f4xx_hal_can.c.obj
                0x08001938                HAL_CAN_Start
 .text.HAL_CAN_AddTxMessage
                0x080019c0      0x1a0 cmake/stm32cubemx/CMakeFiles/STM32_Drivers.dir/__/__/Drivers/STM32F4xx_HAL_Driver/Src/stm32f4xx_hal_can.c.obj
                0x080019c0                HAL_CAN_AddTxMessage
 .text.HAL_CAN_GetTxMailboxesFreeLevel
                0x08001b60       0x6a cmake/stm32cubemx/CMakeFiles/STM32_Drivers.dir/__/__/Drivers/STM32F4xx_HAL_Driver/Src/stm32f4xx_hal_can.c.obj
                0x08001b60                HAL_CAN_GetTxMailboxesFreeLevel
 .text.HAL_CAN_GetRxMessage
                0x08001bca      0x244 cmake/stm32cubemx/CMakeFiles/STM32_Drivers.dir/__/__/Drivers/STM32F4xx_HAL_Driver/Src/stm32f4xx_hal_can.c.obj
                0x08001bca                HAL_CAN_GetRxMessage
 .text.HAL_CAN_ActivateNotification
                0x08001e0e       0x4c cmake/stm32cubemx/CMakeFiles/STM32_Drivers.dir/__/__/Drivers/STM32F4xx_HAL_Driver/Src/stm32f4xx_hal_can.c.obj
                0x08001e0e                HAL_CAN_ActivateNotification
 .text.HAL_CAN_IRQHandler
                0x08001e5a      0x36e cmake/stm32cubemx/CMakeFiles/STM32_Drivers.dir/__/__/Drivers/STM32F4xx_HAL_Driver/Src/stm32f4xx_hal_can.c.obj
                0x08001e5a                HAL_CAN_IRQHandler
 .text.HAL_CAN_TxMailbox0CompleteCallback
                0x080021c8       0x14 cmake/stm32cubemx/CMakeFiles/STM32_Drivers.dir/__/__/Drivers/STM32F4xx_HAL_Driver/Src/stm32f4xx_hal_can.c.obj
                0x080021c8                HAL_CAN_TxMailbox0CompleteCallback
 .text.HAL_CAN_TxMailbox1CompleteCallback
                0x080021dc       0x14 cmake/stm32cubemx/CMakeFiles/STM32_Drivers.dir/__/__/Drivers/STM32F4xx_HAL_Driver/Src/stm32f4xx_hal_can.c.obj
                0x080021dc                HAL_CAN_TxMailbox1CompleteCallback
 .text.HAL_CAN_TxMailbox2CompleteCallback
                0x080021f0       0x14 cmake/stm32cubemx/CMakeFiles/STM32_Drivers.dir/__/__/Drivers/STM32F4xx_HAL_Driver/Src/stm32f4xx_hal_can.c.obj
                0x080021f0                HAL_CAN_TxMailbox2CompleteCallback
 .text.HAL_CAN_TxMailbox0AbortCallback
                0x08002204       0x14 cmake/stm32cubemx/CMakeFiles/STM32_Drivers.dir/__/__/Drivers/STM32F4xx_HAL_Driver/Src/stm32f4xx_hal_can.c.obj
                0x08002204                HAL_CAN_TxMailbox0AbortCallback
 .text.HAL_CAN_TxMailbox1AbortCallback
                0x08002218       0x14 cmake/stm32cubemx/CMakeFiles/STM32_Drivers.dir/__/__/Drivers/STM32F4xx_HAL_Driver/Src/stm32f4xx_hal_can.c.obj
                0x08002218                HAL_CAN_TxMailbox1AbortCallback
 .text.HAL_CAN_TxMailbox2AbortCallback
                0x0800222c       0x14 cmake/stm32cubemx/CMakeFiles/STM32_Drivers.dir/__/__/Drivers/STM32F4xx_HAL_Driver/Src/stm32f4xx_hal_can.c.obj
                0x0800222c                HAL_CAN_TxMailbox2AbortCallback
 .text.HAL_CAN_RxFifo0FullCallback
                0x08002240       0x14 cmake/stm32cubemx/CMakeFiles/STM32_Drivers.dir/__/__/Drivers/STM32F4xx_HAL_Driver/Src/stm32f4xx_hal_can.c.obj
                0x08002240                HAL_CAN_RxFifo0FullCallback
 .text.HAL_CAN_RxFifo1MsgPendingCallback
                0x08002254       0x14 cmake/stm32cubemx/CMakeFiles/STM32_Drivers.dir/__/__/Drivers/STM32F4xx_HAL_Driver/Src/stm32f4xx_hal_can.c.obj
                0x08002254                HAL_CAN_RxFifo1MsgPendingCallback
 .text.HAL_CAN_RxFifo1FullCallback
                0x08002268       0x14 cmake/stm32cubemx/CMakeFiles/STM32_Drivers.dir/__/__/Drivers/STM32F4xx_HAL_Driver/Src/stm32f4xx_hal_can.c.obj
                0x08002268                HAL_CAN_RxFifo1FullCallback
 .text.HAL_CAN_SleepCallback
                0x0800227c       0x14 cmake/stm32cubemx/CMakeFiles/STM32_Drivers.dir/__/__/Drivers/STM32F4xx_HAL_Driver/Src/stm32f4xx_hal_can.c.obj
                0x0800227c                HAL_CAN_SleepCallback
 .text.HAL_CAN_WakeUpFromRxMsgCallback
                0x08002290       0x14 cmake/stm32cubemx/CMakeFiles/STM32_Drivers.dir/__/__/Drivers/STM32F4xx_HAL_Driver/Src/stm32f4xx_hal_can.c.obj
                0x08002290                HAL_CAN_WakeUpFromRxMsgCallback
 .text.HAL_CAN_ErrorCallback
                0x080022a4       0x14 cmake/stm32cubemx/CMakeFiles/STM32_Drivers.dir/__/__/Drivers/STM32F4xx_HAL_Driver/Src/stm32f4xx_hal_can.c.obj
                0x080022a4                HAL_CAN_ErrorCallback
 .text.HAL_RCC_ClockConfig
                0x080022b8      0x1cc cmake/stm32cubemx/CMakeFiles/STM32_Drivers.dir/__/__/Drivers/STM32F4xx_HAL_Driver/Src/stm32f4xx_hal_rcc.c.obj
                0x080022b8                HAL_RCC_ClockConfig
 .text.HAL_RCC_GetHCLKFreq
                0x08002484       0x18 cmake/stm32cubemx/CMakeFiles/STM32_Drivers.dir/__/__/Drivers/STM32F4xx_HAL_Driver/Src/stm32f4xx_hal_rcc.c.obj
                0x08002484                HAL_RCC_GetHCLKFreq
 .text.HAL_RCC_GetPCLK1Freq
                0x0800249c       0x28 cmake/stm32cubemx/CMakeFiles/STM32_Drivers.dir/__/__/Drivers/STM32F4xx_HAL_Driver/Src/stm32f4xx_hal_rcc.c.obj
                0x0800249c                HAL_RCC_GetPCLK1Freq
 .text.HAL_RCC_GetPCLK2Freq
                0x080024c4       0x28 cmake/stm32cubemx/CMakeFiles/STM32_Drivers.dir/__/__/Drivers/STM32F4xx_HAL_Driver/Src/stm32f4xx_hal_rcc.c.obj
                0x080024c4                HAL_RCC_GetPCLK2Freq
 .text.HAL_RCC_GetSysClockFreq
                0x080024ec      0x45c cmake/stm32cubemx/CMakeFiles/STM32_Drivers.dir/__/__/Drivers/STM32F4xx_HAL_Driver/Src/stm32f4xx_hal_rcc_ex.c.obj
                0x080024ec                HAL_RCC_GetSysClockFreq
 .text.HAL_RCC_OscConfig
                0x08002948      0x53c cmake/stm32cubemx/CMakeFiles/STM32_Drivers.dir/__/__/Drivers/STM32F4xx_HAL_Driver/Src/stm32f4xx_hal_rcc_ex.c.obj
                0x08002948                HAL_RCC_OscConfig
 .text.HAL_GPIO_Init
                0x08002e84      0x328 cmake/stm32cubemx/CMakeFiles/STM32_Drivers.dir/__/__/Drivers/STM32F4xx_HAL_Driver/Src/stm32f4xx_hal_gpio.c.obj
                0x08002e84                HAL_GPIO_Init
 .text.HAL_GPIO_ReadPin
                0x080031ac       0x30 cmake/stm32cubemx/CMakeFiles/STM32_Drivers.dir/__/__/Drivers/STM32F4xx_HAL_Driver/Src/stm32f4xx_hal_gpio.c.obj
                0x080031ac                HAL_GPIO_ReadPin
 .text.HAL_GPIO_WritePin
                0x080031dc       0x32 cmake/stm32cubemx/CMakeFiles/STM32_Drivers.dir/__/__/Drivers/STM32F4xx_HAL_Driver/Src/stm32f4xx_hal_gpio.c.obj
                0x080031dc                HAL_GPIO_WritePin
 .text.HAL_GPIO_TogglePin
                0x0800320e       0x34 cmake/stm32cubemx/CMakeFiles/STM32_Drivers.dir/__/__/Drivers/STM32F4xx_HAL_Driver/Src/stm32f4xx_hal_gpio.c.obj
                0x0800320e                HAL_GPIO_TogglePin
 *fill*         0x08003242        0x2 
 .text.__NVIC_SetPriorityGrouping
                0x08003244       0x48 cmake/stm32cubemx/CMakeFiles/STM32_Drivers.dir/__/__/Drivers/STM32F4xx_HAL_Driver/Src/stm32f4xx_hal_cortex.c.obj
 .text.__NVIC_GetPriorityGrouping
                0x0800328c       0x1c cmake/stm32cubemx/CMakeFiles/STM32_Drivers.dir/__/__/Drivers/STM32F4xx_HAL_Driver/Src/stm32f4xx_hal_cortex.c.obj
 .text.__NVIC_EnableIRQ
                0x080032a8       0x3c cmake/stm32cubemx/CMakeFiles/STM32_Drivers.dir/__/__/Drivers/STM32F4xx_HAL_Driver/Src/stm32f4xx_hal_cortex.c.obj
 .text.__NVIC_SetPriority
                0x080032e4       0x54 cmake/stm32cubemx/CMakeFiles/STM32_Drivers.dir/__/__/Drivers/STM32F4xx_HAL_Driver/Src/stm32f4xx_hal_cortex.c.obj
 .text.NVIC_EncodePriority
                0x08003338       0x66 cmake/stm32cubemx/CMakeFiles/STM32_Drivers.dir/__/__/Drivers/STM32F4xx_HAL_Driver/Src/stm32f4xx_hal_cortex.c.obj
 *fill*         0x0800339e        0x2 
 .text.SysTick_Config
                0x080033a0       0x44 cmake/stm32cubemx/CMakeFiles/STM32_Drivers.dir/__/__/Drivers/STM32F4xx_HAL_Driver/Src/stm32f4xx_hal_cortex.c.obj
 .text.HAL_NVIC_SetPriorityGrouping
                0x080033e4       0x16 cmake/stm32cubemx/CMakeFiles/STM32_Drivers.dir/__/__/Drivers/STM32F4xx_HAL_Driver/Src/stm32f4xx_hal_cortex.c.obj
                0x080033e4                HAL_NVIC_SetPriorityGrouping
 .text.HAL_NVIC_SetPriority
                0x080033fa       0x38 cmake/stm32cubemx/CMakeFiles/STM32_Drivers.dir/__/__/Drivers/STM32F4xx_HAL_Driver/Src/stm32f4xx_hal_cortex.c.obj
                0x080033fa                HAL_NVIC_SetPriority
 .text.HAL_NVIC_EnableIRQ
                0x08003432       0x1c cmake/stm32cubemx/CMakeFiles/STM32_Drivers.dir/__/__/Drivers/STM32F4xx_HAL_Driver/Src/stm32f4xx_hal_cortex.c.obj
                0x08003432                HAL_NVIC_EnableIRQ
 .text.HAL_SYSTICK_Config
                0x0800344e       0x18 cmake/stm32cubemx/CMakeFiles/STM32_Drivers.dir/__/__/Drivers/STM32F4xx_HAL_Driver/Src/stm32f4xx_hal_cortex.c.obj
                0x0800344e                HAL_SYSTICK_Config
 *fill*         0x08003466        0x2 
 .text.HAL_Init
                0x08003468       0x44 cmake/stm32cubemx/CMakeFiles/STM32_Drivers.dir/__/__/Drivers/STM32F4xx_HAL_Driver/Src/stm32f4xx_hal.c.obj
                0x08003468                HAL_Init
 .text.HAL_InitTick
                0x080034ac       0x60 cmake/stm32cubemx/CMakeFiles/STM32_Drivers.dir/__/__/Drivers/STM32F4xx_HAL_Driver/Src/stm32f4xx_hal.c.obj
                0x080034ac                HAL_InitTick
 .text.HAL_IncTick
                0x0800350c       0x28 cmake/stm32cubemx/CMakeFiles/STM32_Drivers.dir/__/__/Drivers/STM32F4xx_HAL_Driver/Src/stm32f4xx_hal.c.obj
                0x0800350c                HAL_IncTick
 .text.HAL_GetTick
                0x08003534       0x18 cmake/stm32cubemx/CMakeFiles/STM32_Drivers.dir/__/__/Drivers/STM32F4xx_HAL_Driver/Src/stm32f4xx_hal.c.obj
                0x08003534                HAL_GetTick
 .text.HAL_Delay
                0x0800354c       0x48 cmake/stm32cubemx/CMakeFiles/STM32_Drivers.dir/__/__/Drivers/STM32F4xx_HAL_Driver/Src/stm32f4xx_hal.c.obj
                0x0800354c                HAL_Delay
 .text.HAL_TIM_PWM_Init
                0x08003594       0x9e cmake/stm32cubemx/CMakeFiles/STM32_Drivers.dir/__/__/Drivers/STM32F4xx_HAL_Driver/Src/stm32f4xx_hal_tim.c.obj
                0x08003594                HAL_TIM_PWM_Init
 *fill*         0x08003632        0x2 
 .text.HAL_TIM_PWM_Start
                0x08003634      0x190 cmake/stm32cubemx/CMakeFiles/STM32_Drivers.dir/__/__/Drivers/STM32F4xx_HAL_Driver/Src/stm32f4xx_hal_tim.c.obj
                0x08003634                HAL_TIM_PWM_Start
 .text.HAL_TIM_PWM_ConfigChannel
                0x080037c4      0x184 cmake/stm32cubemx/CMakeFiles/STM32_Drivers.dir/__/__/Drivers/STM32F4xx_HAL_Driver/Src/stm32f4xx_hal_tim.c.obj
                0x080037c4                HAL_TIM_PWM_ConfigChannel
 .text.TIM_Base_SetConfig
                0x08003948      0x14c cmake/stm32cubemx/CMakeFiles/STM32_Drivers.dir/__/__/Drivers/STM32F4xx_HAL_Driver/Src/stm32f4xx_hal_tim.c.obj
                0x08003948                TIM_Base_SetConfig
 .text.TIM_OC1_SetConfig
                0x08003a94       0xe0 cmake/stm32cubemx/CMakeFiles/STM32_Drivers.dir/__/__/Drivers/STM32F4xx_HAL_Driver/Src/stm32f4xx_hal_tim.c.obj
 .text.TIM_OC2_SetConfig
                0x08003b74       0xec cmake/stm32cubemx/CMakeFiles/STM32_Drivers.dir/__/__/Drivers/STM32F4xx_HAL_Driver/Src/stm32f4xx_hal_tim.c.obj
                0x08003b74                TIM_OC2_SetConfig
 .text.TIM_OC3_SetConfig
                0x08003c60       0xe8 cmake/stm32cubemx/CMakeFiles/STM32_Drivers.dir/__/__/Drivers/STM32F4xx_HAL_Driver/Src/stm32f4xx_hal_tim.c.obj
 .text.TIM_OC4_SetConfig
                0x08003d48       0xac cmake/stm32cubemx/CMakeFiles/STM32_Drivers.dir/__/__/Drivers/STM32F4xx_HAL_Driver/Src/stm32f4xx_hal_tim.c.obj
 .text.TIM_CCxChannelCmd
                0x08003df4       0x4a cmake/stm32cubemx/CMakeFiles/STM32_Drivers.dir/__/__/Drivers/STM32F4xx_HAL_Driver/Src/stm32f4xx_hal_tim.c.obj
                0x08003df4                TIM_CCxChannelCmd
 *fill*         0x08003e3e        0x2 
 .text.HAL_TIMEx_MasterConfigSynchronization
                0x08003e40       0xf8 cmake/stm32cubemx/CMakeFiles/STM32_Drivers.dir/__/__/Drivers/STM32F4xx_HAL_Driver/Src/stm32f4xx_hal_tim_ex.c.obj
                0x08003e40                HAL_TIMEx_MasterConfigSynchronization
 .text.HAL_UART_Init
                0x08003f38       0xa0 cmake/stm32cubemx/CMakeFiles/STM32_Drivers.dir/__/__/Drivers/STM32F4xx_HAL_Driver/Src/stm32f4xx_hal_uart.c.obj
                0x08003f38                HAL_UART_Init
 .text.HAL_UART_Transmit
                0x08003fd8      0x116 cmake/stm32cubemx/CMakeFiles/STM32_Drivers.dir/__/__/Drivers/STM32F4xx_HAL_Driver/Src/stm32f4xx_hal_uart.c.obj
                0x08003fd8                HAL_UART_Transmit
 .text.UART_WaitOnFlagUntilTimeout
                0x080040ee       0xb2 cmake/stm32cubemx/CMakeFiles/STM32_Drivers.dir/__/__/Drivers/STM32F4xx_HAL_Driver/Src/stm32f4xx_hal_uart.c.obj
 .text.UART_EndRxTransfer
                0x080041a0       0xc6 cmake/stm32cubemx/CMakeFiles/STM32_Drivers.dir/__/__/Drivers/STM32F4xx_HAL_Driver/Src/stm32f4xx_hal_uart.c.obj
 *fill*         0x08004266        0x2 
 .text.UART_SetConfig
                0x08004268      0x4e8 cmake/stm32cubemx/CMakeFiles/STM32_Drivers.dir/__/__/Drivers/STM32F4xx_HAL_Driver/Src/stm32f4xx_hal_uart.c.obj
 .text.__io_putchar
                0x08004750       0x24 CMakeFiles/STM_MainBoard.dir/Core/Src/main.c.obj
                0x08004750                __io_putchar
 .text.HAL_CAN_RxFifo0MsgPendingCallback
                0x08004774      0x260 CMakeFiles/STM_MainBoard.dir/Core/Src/main.c.obj
                0x08004774                HAL_CAN_RxFifo0MsgPendingCallback
 .text.main     0x080049d4      0x280 CMakeFiles/STM_MainBoard.dir/Core/Src/main.c.obj
                0x080049d4                main
 .text.SystemClock_Config
                0x08004c54       0xd8 CMakeFiles/STM_MainBoard.dir/Core/Src/main.c.obj
                0x08004c54                SystemClock_Config
 .text.MX_CAN1_Init
                0x08004d2c       0x6c CMakeFiles/STM_MainBoard.dir/Core/Src/main.c.obj
 .text.MX_CAN2_Init
                0x08004d98       0x6c CMakeFiles/STM_MainBoard.dir/Core/Src/main.c.obj
 .text.MX_TIM2_Init
                0x08004e04       0xdc CMakeFiles/STM_MainBoard.dir/Core/Src/main.c.obj
 .text.MX_USART3_UART_Init
                0x08004ee0       0x54 CMakeFiles/STM_MainBoard.dir/Core/Src/main.c.obj
 .text.MX_GPIO_Init
                0x08004f34      0x26c CMakeFiles/STM_MainBoard.dir/Core/Src/main.c.obj
 .text.unit_check
                0x080051a0      0x184 CMakeFiles/STM_MainBoard.dir/Core/Src/main.c.obj
                0x080051a0                unit_check
 .text.connection_monitoring
                0x08005324      0x1d0 CMakeFiles/STM_MainBoard.dir/Core/Src/main.c.obj
                0x08005324                connection_monitoring
 .text.ALL_LED_OFF
                0x080054f4       0x3c CMakeFiles/STM_MainBoard.dir/Core/Src/main.c.obj
                0x080054f4                ALL_LED_OFF
 .text.handleMovement
                0x08005530      0x148 CMakeFiles/STM_MainBoard.dir/Core/Src/main.c.obj
                0x08005530                handleMovement
 .text.Error_Handler
                0x08005678       0x30 CMakeFiles/STM_MainBoard.dir/Core/Src/main.c.obj
                0x08005678                Error_Handler
 .text.NMI_Handler
                0x080056a8        0x8 CMakeFiles/STM_MainBoard.dir/Core/Src/stm32f4xx_it.c.obj
                0x080056a8                NMI_Handler
 .text.HardFault_Handler
                0x080056b0        0x8 CMakeFiles/STM_MainBoard.dir/Core/Src/stm32f4xx_it.c.obj
                0x080056b0                HardFault_Handler
 .text.MemManage_Handler
                0x080056b8        0x8 CMakeFiles/STM_MainBoard.dir/Core/Src/stm32f4xx_it.c.obj
                0x080056b8                MemManage_Handler
 .text.BusFault_Handler
                0x080056c0        0x8 CMakeFiles/STM_MainBoard.dir/Core/Src/stm32f4xx_it.c.obj
                0x080056c0                BusFault_Handler
 .text.UsageFault_Handler
                0x080056c8        0x8 CMakeFiles/STM_MainBoard.dir/Core/Src/stm32f4xx_it.c.obj
                0x080056c8                UsageFault_Handler
 .text.SVC_Handler
                0x080056d0        0xe CMakeFiles/STM_MainBoard.dir/Core/Src/stm32f4xx_it.c.obj
                0x080056d0                SVC_Handler
 .text.DebugMon_Handler
                0x080056de        0xe CMakeFiles/STM_MainBoard.dir/Core/Src/stm32f4xx_it.c.obj
                0x080056de                DebugMon_Handler
 .text.PendSV_Handler
                0x080056ec        0xe CMakeFiles/STM_MainBoard.dir/Core/Src/stm32f4xx_it.c.obj
                0x080056ec                PendSV_Handler
 .text.SysTick_Handler
                0x080056fa        0xc CMakeFiles/STM_MainBoard.dir/Core/Src/stm32f4xx_it.c.obj
                0x080056fa                SysTick_Handler
 *fill*         0x08005706        0x2 
 .text.CAN1_RX0_IRQHandler
                0x08005708       0x14 CMakeFiles/STM_MainBoard.dir/Core/Src/stm32f4xx_it.c.obj
                0x08005708                CAN1_RX0_IRQHandler
 .text.CAN2_RX1_IRQHandler
                0x0800571c       0x14 CMakeFiles/STM_MainBoard.dir/Core/Src/stm32f4xx_it.c.obj
                0x0800571c                CAN2_RX1_IRQHandler
 .text.HAL_MspInit
                0x08005730       0x50 CMakeFiles/STM_MainBoard.dir/Core/Src/stm32f4xx_hal_msp.c.obj
                0x08005730                HAL_MspInit
 .text.HAL_CAN_MspInit
                0x08005780      0x15c CMakeFiles/STM_MainBoard.dir/Core/Src/stm32f4xx_hal_msp.c.obj
                0x08005780                HAL_CAN_MspInit
 .text.HAL_TIM_PWM_MspInit
                0x080058dc       0x40 CMakeFiles/STM_MainBoard.dir/Core/Src/stm32f4xx_hal_msp.c.obj
                0x080058dc                HAL_TIM_PWM_MspInit
 .text.HAL_TIM_MspPostInit
                0x0800591c       0x70 CMakeFiles/STM_MainBoard.dir/Core/Src/stm32f4xx_hal_msp.c.obj
                0x0800591c                HAL_TIM_MspPostInit
 .text.HAL_UART_MspInit
                0x0800598c       0x90 CMakeFiles/STM_MainBoard.dir/Core/Src/stm32f4xx_hal_msp.c.obj
                0x0800598c                HAL_UART_MspInit
 .text._sbrk    0x08005a1c       0x6c CMakeFiles/STM_MainBoard.dir/Core/Src/sysmem.c.obj
                0x08005a1c                _sbrk
 .text._read    0x08005a88       0x3a CMakeFiles/STM_MainBoard.dir/Core/Src/syscalls.c.obj
                0x08005a88                _read
 .text._write   0x08005ac2       0x38 CMakeFiles/STM_MainBoard.dir/Core/Src/syscalls.c.obj
                0x08005ac2                _write
 .text._close   0x08005afa       0x18 CMakeFiles/STM_MainBoard.dir/Core/Src/syscalls.c.obj
                0x08005afa                _close
 .text._fstat   0x08005b12       0x20 CMakeFiles/STM_MainBoard.dir/Core/Src/syscalls.c.obj
                0x08005b12                _fstat
 .text._isatty  0x08005b32       0x16 CMakeFiles/STM_MainBoard.dir/Core/Src/syscalls.c.obj
                0x08005b32                _isatty
 .text._lseek   0x08005b48       0x1a CMakeFiles/STM_MainBoard.dir/Core/Src/syscalls.c.obj
                0x08005b48                _lseek
 *fill*         0x08005b62        0x2 
 .text.Reset_Handler
                0x08005b64       0x50 CMakeFiles/STM_MainBoard.dir/startup_stm32f446xx.s.obj
                0x08005b64                Reset_Handler
 .text.Default_Handler
                0x08005bb4        0x2 CMakeFiles/STM_MainBoard.dir/startup_stm32f446xx.s.obj
                0x08005bb4                RTC_Alarm_IRQHandler
                0x08005bb4                EXTI2_IRQHandler
                0x08005bb4                TIM8_CC_IRQHandler
                0x08005bb4                FMPI2C1_EV_IRQHandler
                0x08005bb4                SPI4_IRQHandler
                0x08005bb4                TIM1_CC_IRQHandler
                0x08005bb4                DMA2_Stream5_IRQHandler
                0x08005bb4                DMA1_Stream5_IRQHandler
                0x08005bb4                PVD_IRQHandler
                0x08005bb4                SDIO_IRQHandler
                0x08005bb4                TAMP_STAMP_IRQHandler
                0x08005bb4                EXTI3_IRQHandler
                0x08005bb4                TIM8_TRG_COM_TIM14_IRQHandler
                0x08005bb4                TIM1_UP_TIM10_IRQHandler
                0x08005bb4                TIM8_UP_TIM13_IRQHandler
                0x08005bb4                I2C3_ER_IRQHandler
                0x08005bb4                EXTI0_IRQHandler
                0x08005bb4                I2C2_EV_IRQHandler
                0x08005bb4                DMA1_Stream2_IRQHandler
                0x08005bb4                FPU_IRQHandler
                0x08005bb4                OTG_HS_WKUP_IRQHandler
                0x08005bb4                CAN2_SCE_IRQHandler
                0x08005bb4                DMA2_Stream2_IRQHandler
                0x08005bb4                SPI1_IRQHandler
                0x08005bb4                TIM6_DAC_IRQHandler
                0x08005bb4                TIM1_BRK_TIM9_IRQHandler
                0x08005bb4                DCMI_IRQHandler
                0x08005bb4                CAN2_RX0_IRQHandler
                0x08005bb4                DMA2_Stream3_IRQHandler
                0x08005bb4                SAI2_IRQHandler
                0x08005bb4                USART6_IRQHandler
                0x08005bb4                USART3_IRQHandler
                0x08005bb4                CAN1_RX1_IRQHandler
                0x08005bb4                UART5_IRQHandler
                0x08005bb4                DMA2_Stream0_IRQHandler
                0x08005bb4                TIM4_IRQHandler
                0x08005bb4                QUADSPI_IRQHandler
                0x08005bb4                I2C1_EV_IRQHandler
                0x08005bb4                DMA1_Stream6_IRQHandler
                0x08005bb4                DMA1_Stream1_IRQHandler
                0x08005bb4                UART4_IRQHandler
                0x08005bb4                TIM3_IRQHandler
                0x08005bb4                RCC_IRQHandler
                0x08005bb4                TIM8_BRK_TIM12_IRQHandler
                0x08005bb4                Default_Handler
                0x08005bb4                CEC_IRQHandler
                0x08005bb4                EXTI15_10_IRQHandler
                0x08005bb4                ADC_IRQHandler
                0x08005bb4                DMA1_Stream7_IRQHandler
                0x08005bb4                TIM7_IRQHandler
                0x08005bb4                CAN2_TX_IRQHandler
                0x08005bb4                TIM5_IRQHandler
                0x08005bb4                DMA2_Stream7_IRQHandler
                0x08005bb4                I2C3_EV_IRQHandler
                0x08005bb4                EXTI9_5_IRQHandler
                0x08005bb4                RTC_WKUP_IRQHandler
                0x08005bb4                SPDIF_RX_IRQHandler
                0x08005bb4                SPI2_IRQHandler
                0x08005bb4                OTG_HS_EP1_IN_IRQHandler
                0x08005bb4                DMA1_Stream0_IRQHandler
                0x08005bb4                CAN1_TX_IRQHandler
                0x08005bb4                FMPI2C1_ER_IRQHandler
                0x08005bb4                EXTI4_IRQHandler
                0x08005bb4                OTG_HS_EP1_OUT_IRQHandler
                0x08005bb4                WWDG_IRQHandler
                0x08005bb4                TIM2_IRQHandler
                0x08005bb4                OTG_FS_WKUP_IRQHandler
                0x08005bb4                TIM1_TRG_COM_TIM11_IRQHandler
                0x08005bb4                OTG_HS_IRQHandler
                0x08005bb4                EXTI1_IRQHandler
                0x08005bb4                USART2_IRQHandler
                0x08005bb4                I2C2_ER_IRQHandler
                0x08005bb4                DMA2_Stream1_IRQHandler
                0x08005bb4                CAN1_SCE_IRQHandler
                0x08005bb4                FLASH_IRQHandler
                0x08005bb4                DMA2_Stream4_IRQHandler
                0x08005bb4                USART1_IRQHandler
                0x08005bb4                OTG_FS_IRQHandler
                0x08005bb4                SPI3_IRQHandler
                0x08005bb4                DMA1_Stream4_IRQHandler
                0x08005bb4                I2C1_ER_IRQHandler
                0x08005bb4                FMC_IRQHandler
                0x08005bb4                DMA2_Stream6_IRQHandler
                0x08005bb4                SAI1_IRQHandler
                0x08005bb4                DMA1_Stream3_IRQHandler
 .text.ecan_codeIdConvertToAddr
                0x08005bb6       0x3a CMakeFiles/STM_MainBoard.dir/Core/Src/imrc_ecan.c.obj
                0x08005bb6                ecan_codeIdConvertToAddr
 .text.ecan_addrConvertToCodeId
                0x08005bf0       0x3c CMakeFiles/STM_MainBoard.dir/Core/Src/imrc_ecan.c.obj
                0x08005bf0                ecan_addrConvertToCodeId
 .text.ecan_headerConvertToIdxEntry
                0x08005c2c       0x32 CMakeFiles/STM_MainBoard.dir/Core/Src/imrc_ecan.c.obj
                0x08005c2c                ecan_headerConvertToIdxEntry
 .text.ecan_idxEntryConvertToHeader
                0x08005c5e       0x30 CMakeFiles/STM_MainBoard.dir/Core/Src/imrc_ecan.c.obj
                0x08005c5e                ecan_idxEntryConvertToHeader
 *fill*         0x08005c8e        0x2 
 .text.ecan_init
                0x08005c90       0x54 CMakeFiles/STM_MainBoard.dir/Core/Src/imrc_ecan.c.obj
                0x08005c90                ecan_init
 .text.ecan_setAllPassFilter
                0x08005ce4       0x44 CMakeFiles/STM_MainBoard.dir/Core/Src/imrc_ecan.c.obj
                0x08005ce4                ecan_setAllPassFilter
 .text.ecan_start
                0x08005d28       0x1e CMakeFiles/STM_MainBoard.dir/Core/Src/imrc_ecan.c.obj
                0x08005d28                ecan_start
 .text.sendPacket
                0x08005d46       0xf2 CMakeFiles/STM_MainBoard.dir/Core/Src/imrc_ecan.c.obj
                0x08005d46                sendPacket
 .text.ecan_sendPacketMtoU
                0x08005e38       0x34 CMakeFiles/STM_MainBoard.dir/Core/Src/imrc_ecan.c.obj
                0x08005e38                ecan_sendPacketMtoU
 .text.ecan_sendEmptyPacketMtoU
                0x08005e6c       0x3a CMakeFiles/STM_MainBoard.dir/Core/Src/imrc_ecan.c.obj
                0x08005e6c                ecan_sendEmptyPacketMtoU
 *fill*         0x08005ea6        0x2 
 .text.LD_220MG_SetAngle
                0x08005ea8       0x94 CMakeFiles/STM_MainBoard.dir/Core/Src/imrc_LD_220MG.c.obj
                0x08005ea8                LD_220MG_SetAngle
 .text.RU_control
                0x08005f3c       0xd0 CMakeFiles/STM_MainBoard.dir/Core/Src/imrc_RU_control.c.obj
                0x08005f3c                RU_control
 .text.MCU_move_Init
                0x0800600c       0x4c CMakeFiles/STM_MainBoard.dir/Core/Src/imrc_MCU_control.c.obj
                0x0800600c                MCU_move_Init
 .text.MCU_move
                0x08006058       0xb4 CMakeFiles/STM_MainBoard.dir/Core/Src/imrc_MCU_control.c.obj
                0x08006058                MCU_move
 .text.MCU_arm_control
                0x0800610c       0x58 CMakeFiles/STM_MainBoard.dir/Core/Src/imrc_MCU_control.c.obj
                0x0800610c                MCU_arm_control
 .text.canCtrlConv_Init
                0x08006164       0x30 CMakeFiles/STM_MainBoard.dir/Core/Src/canCtrlConv.c.obj
                0x08006164                canCtrlConv_Init
 .text.passCANCtrlData
                0x08006194       0x50 CMakeFiles/STM_MainBoard.dir/Core/Src/canCtrlConv.c.obj
                0x08006194                passCANCtrlData
 .text.allBtnAxiState
                0x080061e4      0x284 CMakeFiles/STM_MainBoard.dir/Core/Src/canCtrlConv.c.obj
                0x080061e4                allBtnAxiState
 .text.onlyLib_diagAxiScalar
                0x08006468      0x138 CMakeFiles/STM_MainBoard.dir/Core/Src/canCtrlConv.c.obj
                0x08006468                onlyLib_diagAxiScalar
 .text.getBtnState
                0x080065a0       0x34 CMakeFiles/STM_MainBoard.dir/Core/Src/canCtrlConv.c.obj
                0x080065a0                getBtnState
 .text.getAxiState
                0x080065d4       0x2c CMakeFiles/STM_MainBoard.dir/Core/Src/canCtrlConv.c.obj
                0x080065d4                getAxiState
 .text.PCU_Init
                0x08006600       0x40 CMakeFiles/STM_MainBoard.dir/Core/Src/imrc_PCU_control.c.obj
                0x08006600                PCU_Init
 .text.PCU_relay_control
                0x08006640       0x80 CMakeFiles/STM_MainBoard.dir/Core/Src/imrc_PCU_control.c.obj
                0x08006640                PCU_relay_control
 .text.PCU_voltage_cutoff
                0x080066c0       0x1c CMakeFiles/STM_MainBoard.dir/Core/Src/imrc_PCU_control.c.obj
                0x080066c0                PCU_voltage_cutoff
 .text.PCU_voltage_recovery
                0x080066dc       0x1c CMakeFiles/STM_MainBoard.dir/Core/Src/imrc_PCU_control.c.obj
                0x080066dc                PCU_voltage_recovery
 .text.PCU_survival_signal
                0x080066f8       0x48 CMakeFiles/STM_MainBoard.dir/Core/Src/imrc_PCU_control.c.obj
                0x080066f8                PCU_survival_signal
 .text.printf   0x08006740       0x24 C:/ST/STM32CubeCLT_1.18.0/GNU-tools-for-STM32/bin/../lib/gcc/arm-none-eabi/13.3.1/../../../../arm-none-eabi/lib/thumb/v7e-m+fp/hard\libg_nano.a(libc_a-printf.o)
                0x08006740                iprintf
                0x08006740                printf
 .text.setbuf   0x08006764       0x10 C:/ST/STM32CubeCLT_1.18.0/GNU-tools-for-STM32/bin/../lib/gcc/arm-none-eabi/13.3.1/../../../../arm-none-eabi/lib/thumb/v7e-m+fp/hard\libg_nano.a(libc_a-setbuf.o)
                0x08006764                setbuf
 .text.setvbuf  0x08006774      0x168 C:/ST/STM32CubeCLT_1.18.0/GNU-tools-for-STM32/bin/../lib/gcc/arm-none-eabi/13.3.1/../../../../arm-none-eabi/lib/thumb/v7e-m+fp/hard\libg_nano.a(libc_a-setvbuf.o)
                0x08006774                setvbuf
 .text.__errno  0x080068dc        0xc C:/ST/STM32CubeCLT_1.18.0/GNU-tools-for-STM32/bin/../lib/gcc/arm-none-eabi/13.3.1/../../../../arm-none-eabi/lib/thumb/v7e-m+fp/hard\libg_nano.a(libc_a-errno.o)
                0x080068dc                __errno
 .text.malloc   0x080068e8       0x10 C:/ST/STM32CubeCLT_1.18.0/GNU-tools-for-STM32/bin/../lib/gcc/arm-none-eabi/13.3.1/../../../../arm-none-eabi/lib/thumb/v7e-m+fp/hard\libg_nano.a(libc_a-malloc.o)
                0x080068e8                malloc
 .text.__sfputc_r
                0x080068f8       0x2e C:/ST/STM32CubeCLT_1.18.0/GNU-tools-for-STM32/bin/../lib/gcc/arm-none-eabi/13.3.1/../../../../arm-none-eabi/lib/thumb/v7e-m+fp/hard\libg_nano.a(libc_a-nano-vfprintf.o)
 .text.__sfputs_r
                0x08006926       0x24 C:/ST/STM32CubeCLT_1.18.0/GNU-tools-for-STM32/bin/../lib/gcc/arm-none-eabi/13.3.1/../../../../arm-none-eabi/lib/thumb/v7e-m+fp/hard\libg_nano.a(libc_a-nano-vfprintf.o)
                0x08006926                __sfputs_r
 *fill*         0x0800694a        0x2 
 .text._vfprintf_r
                0x0800694c      0x230 C:/ST/STM32CubeCLT_1.18.0/GNU-tools-for-STM32/bin/../lib/gcc/arm-none-eabi/13.3.1/../../../../arm-none-eabi/lib/thumb/v7e-m+fp/hard\libg_nano.a(libc_a-nano-vfprintf.o)
                0x0800694c                _vfprintf_r
                0x0800694c                _vfiprintf_r
 .text._printf_common
                0x08006b7c       0xda C:/ST/STM32CubeCLT_1.18.0/GNU-tools-for-STM32/bin/../lib/gcc/arm-none-eabi/13.3.1/../../../../arm-none-eabi/lib/thumb/v7e-m+fp/hard\libg_nano.a(libc_a-nano-vfprintf_i.o)
                0x08006b7c                _printf_common
 *fill*         0x08006c56        0x2 
 .text._printf_i
                0x08006c58      0x23c C:/ST/STM32CubeCLT_1.18.0/GNU-tools-for-STM32/bin/../lib/gcc/arm-none-eabi/13.3.1/../../../../arm-none-eabi/lib/thumb/v7e-m+fp/hard\libg_nano.a(libc_a-nano-vfprintf_i.o)
                0x08006c58                _printf_i
 .text.__swhatbuf_r
                0x08006e94       0x4c C:/ST/STM32CubeCLT_1.18.0/GNU-tools-for-STM32/bin/../lib/gcc/arm-none-eabi/13.3.1/../../../../arm-none-eabi/lib/thumb/v7e-m+fp/hard\libg_nano.a(libc_a-makebuf.o)
                0x08006e94                __swhatbuf_r
 .text.__smakebuf_r
                0x08006ee0       0x78 C:/ST/STM32CubeCLT_1.18.0/GNU-tools-for-STM32/bin/../lib/gcc/arm-none-eabi/13.3.1/../../../../arm-none-eabi/lib/thumb/v7e-m+fp/hard\libg_nano.a(libc_a-makebuf.o)
                0x08006ee0                __smakebuf_r
 .text.__swbuf_r
                0x08006f58       0x7c C:/ST/STM32CubeCLT_1.18.0/GNU-tools-for-STM32/bin/../lib/gcc/arm-none-eabi/13.3.1/../../../../arm-none-eabi/lib/thumb/v7e-m+fp/hard\libg_nano.a(libc_a-wbuf.o)
                0x08006f58                __swbuf_r
 .text.__swsetup_r
                0x08006fd4       0xac C:/ST/STM32CubeCLT_1.18.0/GNU-tools-for-STM32/bin/../lib/gcc/arm-none-eabi/13.3.1/../../../../arm-none-eabi/lib/thumb/v7e-m+fp/hard\libg_nano.a(libc_a-wsetup.o)
                0x08006fd4                __swsetup_r
 .text._fstat_r
                0x08007080       0x24 C:/ST/STM32CubeCLT_1.18.0/GNU-tools-for-STM32/bin/../lib/gcc/arm-none-eabi/13.3.1/../../../../arm-none-eabi/lib/thumb/v7e-m+fp/hard\libg_nano.a(libc_a-fstatr.o)
                0x08007080                _fstat_r
 .text._isatty_r
                0x080070a4       0x20 C:/ST/STM32CubeCLT_1.18.0/GNU-tools-for-STM32/bin/../lib/gcc/arm-none-eabi/13.3.1/../../../../arm-none-eabi/lib/thumb/v7e-m+fp/hard\libg_nano.a(libc_a-isattyr.o)
                0x080070a4                _isatty_r
 .text.sqrt     0x080070c4       0x58 C:/ST/STM32CubeCLT_1.18.0/GNU-tools-for-STM32/bin/../lib/gcc/arm-none-eabi/13.3.1/../../../../arm-none-eabi/lib/thumb/v7e-m+fp/hard\libm.a(libm_a-w_sqrt.o)
                0x080070c4                sqrt
 .text.__ieee754_sqrt
                0x0800711c      0x1ac C:/ST/STM32CubeCLT_1.18.0/GNU-tools-for-STM32/bin/../lib/gcc/arm-none-eabi/13.3.1/../../../../arm-none-eabi/lib/thumb/v7e-m+fp/hard\libm.a(libm_a-e_sqrt.o)
                0x0800711c                __ieee754_sqrt
 *(.glue_7)
 .glue_7        0x080072c8        0x0 linker stubs
 *(.glue_7t)
 .glue_7t       0x080072c8        0x0 linker stubs
 *(.eh_frame)
 .eh_frame      0x080072c8        0x0 C:/ST/STM32CubeCLT_1.18.0/GNU-tools-for-STM32/bin/../lib/gcc/arm-none-eabi/13.3.1/thumb/v7e-m+fp/hard/crtbegin.o
 *(.init)
 .init          0x080072c8        0x4 C:/ST/STM32CubeCLT_1.18.0/GNU-tools-for-STM32/bin/../lib/gcc/arm-none-eabi/13.3.1/thumb/v7e-m+fp/hard/crti.o
                0x080072c8                _init
 .init          0x080072cc        0x8 C:/ST/STM32CubeCLT_1.18.0/GNU-tools-for-STM32/bin/../lib/gcc/arm-none-eabi/13.3.1/thumb/v7e-m+fp/hard/crtn.o
 *(.fini)
 .fini          0x080072d4        0x4 C:/ST/STM32CubeCLT_1.18.0/GNU-tools-for-STM32/bin/../lib/gcc/arm-none-eabi/13.3.1/thumb/v7e-m+fp/hard/crti.o
                0x080072d4                _fini
 .fini          0x080072d8        0x8 C:/ST/STM32CubeCLT_1.18.0/GNU-tools-for-STM32/bin/../lib/gcc/arm-none-eabi/13.3.1/thumb/v7e-m+fp/hard/crtn.o
                0x080072e0                        . = ALIGN (0x4)
                0x080072e0                        _etext = .

.vfp11_veneer   0x080072e0        0x0
 .vfp11_veneer  0x080072e0        0x0 linker stubs

.v4_bx          0x080072e0        0x0
 .v4_bx         0x080072e0        0x0 linker stubs

.iplt           0x080072e0        0x0
 .iplt          0x080072e0        0x0 C:/ST/STM32CubeCLT_1.18.0/GNU-tools-for-STM32/bin/../lib/gcc/arm-none-eabi/13.3.1/thumb/v7e-m+fp/hard/crtbegin.o

.rodata         0x080072e0      0x1b8
                0x080072e0                        . = ALIGN (0x4)
 *(.rodata)
 .rodata        0x080072e0       0xbc CMakeFiles/STM_MainBoard.dir/Core/Src/main.c.obj
 .rodata        0x0800739c       0x35 CMakeFiles/STM_MainBoard.dir/Core/Src/imrc_RU_control.c.obj
 *fill*         0x080073d1        0x3 
 .rodata        0x080073d4       0x32 CMakeFiles/STM_MainBoard.dir/Core/Src/imrc_MCU_control.c.obj
 *fill*         0x08007406        0x2 
 .rodata        0x08007408       0x2f CMakeFiles/STM_MainBoard.dir/Core/Src/imrc_PCU_control.c.obj
 *(.rodata*)
 *fill*         0x08007437        0x1 
 .rodata.AHBPrescTable
                0x08007438       0x10 cmake/stm32cubemx/CMakeFiles/STM32_Drivers.dir/__/__/Core/Src/system_stm32f4xx.c.obj
                0x08007438                AHBPrescTable
 .rodata.APBPrescTable
                0x08007448        0x8 cmake/stm32cubemx/CMakeFiles/STM32_Drivers.dir/__/__/Core/Src/system_stm32f4xx.c.obj
                0x08007448                APBPrescTable
 .rodata._vfprintf_r.str1.1
                0x08007450       0x33 C:/ST/STM32CubeCLT_1.18.0/GNU-tools-for-STM32/bin/../lib/gcc/arm-none-eabi/13.3.1/../../../../arm-none-eabi/lib/thumb/v7e-m+fp/hard\libg_nano.a(libc_a-nano-vfprintf.o)
                                 0x11 (size before relaxing)
 .rodata._printf_i.str1.1
                0x08007483       0x22 C:/ST/STM32CubeCLT_1.18.0/GNU-tools-for-STM32/bin/../lib/gcc/arm-none-eabi/13.3.1/../../../../arm-none-eabi/lib/thumb/v7e-m+fp/hard\libg_nano.a(libc_a-nano-vfprintf_i.o)
 *fill*         0x08007483        0x5 
 .rodata.tiny   0x08007488        0x8 C:/ST/STM32CubeCLT_1.18.0/GNU-tools-for-STM32/bin/../lib/gcc/arm-none-eabi/13.3.1/../../../../arm-none-eabi/lib/thumb/v7e-m+fp/hard\libm.a(libm_a-e_sqrt.o)
 .rodata.one    0x08007490        0x8 C:/ST/STM32CubeCLT_1.18.0/GNU-tools-for-STM32/bin/../lib/gcc/arm-none-eabi/13.3.1/../../../../arm-none-eabi/lib/thumb/v7e-m+fp/hard\libm.a(libm_a-e_sqrt.o)
                0x08007498                        . = ALIGN (0x4)

.ARM.extab      0x08007498        0x0
                0x08007498                        . = ALIGN (0x4)
 *(.ARM.extab* .gnu.linkonce.armextab.*)
                0x08007498                        . = ALIGN (0x4)

.ARM            0x08007498        0x8
                0x08007498                        . = ALIGN (0x4)
                0x08007498                        __exidx_start = .
 *(.ARM.exidx*)
 .ARM.exidx     0x08007498        0x8 C:/ST/STM32CubeCLT_1.18.0/GNU-tools-for-STM32/bin/../lib/gcc/arm-none-eabi/13.3.1/thumb/v7e-m+fp/hard\libgcc.a(_udivmoddi4.o)
 .ARM.exidx     0x080074a0        0x0 C:/ST/STM32CubeCLT_1.18.0/GNU-tools-for-STM32/bin/../lib/gcc/arm-none-eabi/13.3.1/../../../../arm-none-eabi/lib/thumb/v7e-m+fp/hard\libg_nano.a(libc_a-memchr.o)
                                  0x8 (size before relaxing)
                0x080074a0                        __exidx_end = .
                0x080074a0                        . = ALIGN (0x4)

.preinit_array  0x080074a0        0x0
                0x080074a0                        . = ALIGN (0x4)
                0x080074a0                        PROVIDE (__preinit_array_start = .)
 *(.preinit_array*)
                0x080074a0                        PROVIDE (__preinit_array_end = .)
                0x080074a0                        . = ALIGN (0x4)

.init_array     0x080074a0        0x4
                0x080074a0                        . = ALIGN (0x4)
                0x080074a0                        PROVIDE (__init_array_start = .)
 *(SORT_BY_NAME(.init_array.*))
 *(.init_array*)
 .init_array    0x080074a0        0x4 C:/ST/STM32CubeCLT_1.18.0/GNU-tools-for-STM32/bin/../lib/gcc/arm-none-eabi/13.3.1/thumb/v7e-m+fp/hard/crtbegin.o
                0x080074a4                        PROVIDE (__init_array_end = .)
                0x080074a4                        . = ALIGN (0x4)

.fini_array     0x080074a4        0x4
                0x080074a4                        . = ALIGN (0x4)
                [!provide]                        PROVIDE (__fini_array_start = .)
 *(SORT_BY_NAME(.fini_array.*))
 *(.fini_array*)
 .fini_array    0x080074a4        0x4 C:/ST/STM32CubeCLT_1.18.0/GNU-tools-for-STM32/bin/../lib/gcc/arm-none-eabi/13.3.1/thumb/v7e-m+fp/hard/crtbegin.o
                [!provide]                        PROVIDE (__fini_array_end = .)
                0x080074a8                        . = ALIGN (0x4)
                0x080074a8                        _sidata = LOADADDR (.data)

.rel.dyn        0x080074a8        0x0
 .rel.iplt      0x080074a8        0x0 C:/ST/STM32CubeCLT_1.18.0/GNU-tools-for-STM32/bin/../lib/gcc/arm-none-eabi/13.3.1/thumb/v7e-m+fp/hard/crtbegin.o

.data           0x20000000       0x68 load address 0x080074a8
                0x20000000                        . = ALIGN (0x4)
                0x20000000                        _sdata = .
 *(.data)
 *(.data*)
 .data.__sglue  0x20000000        0xc C:/ST/STM32CubeCLT_1.18.0/GNU-tools-for-STM32/bin/../lib/gcc/arm-none-eabi/13.3.1/../../../../arm-none-eabi/lib/thumb/v7e-m+fp/hard\libc_nano.a(libc_a-findfp.o)
                0x20000000                __sglue
 .data._impure_ptr
                0x2000000c        0x4 C:/ST/STM32CubeCLT_1.18.0/GNU-tools-for-STM32/bin/../lib/gcc/arm-none-eabi/13.3.1/../../../../arm-none-eabi/lib/thumb/v7e-m+fp/hard\libc_nano.a(libc_a-impure.o)
                0x2000000c                _impure_ptr
 .data._impure_data
                0x20000010       0x4c C:/ST/STM32CubeCLT_1.18.0/GNU-tools-for-STM32/bin/../lib/gcc/arm-none-eabi/13.3.1/../../../../arm-none-eabi/lib/thumb/v7e-m+fp/hard\libc_nano.a(libc_a-impure.o)
                0x20000010                _impure_data
 .data.SystemCoreClock
                0x2000005c        0x4 cmake/stm32cubemx/CMakeFiles/STM32_Drivers.dir/__/__/Core/Src/system_stm32f4xx.c.obj
                0x2000005c                SystemCoreClock
 .data.uwTickPrio
                0x20000060        0x4 cmake/stm32cubemx/CMakeFiles/STM32_Drivers.dir/__/__/Drivers/STM32F4xx_HAL_Driver/Src/stm32f4xx_hal.c.obj
                0x20000060                uwTickPrio
 .data.uwTickFreq
                0x20000064        0x1 cmake/stm32cubemx/CMakeFiles/STM32_Drivers.dir/__/__/Drivers/STM32F4xx_HAL_Driver/Src/stm32f4xx_hal.c.obj
                0x20000064                uwTickFreq
 *(.RamFunc)
 *(.RamFunc*)
                0x20000068                        . = ALIGN (0x4)
 *fill*         0x20000065        0x3 
                0x20000068                        _edata = .

.igot.plt       0x20000068        0x0 load address 0x08007510
 .igot.plt      0x20000068        0x0 C:/ST/STM32CubeCLT_1.18.0/GNU-tools-for-STM32/bin/../lib/gcc/arm-none-eabi/13.3.1/thumb/v7e-m+fp/hard/crtbegin.o
                0x20000068                        . = ALIGN (0x4)

.bss            0x20000068      0x378 load address 0x08007510
                0x20000068                        _sbss = .
                0x20000068                        __bss_start__ = _sbss
 *(.bss)
 .bss           0x20000068       0x1c C:/ST/STM32CubeCLT_1.18.0/GNU-tools-for-STM32/bin/../lib/gcc/arm-none-eabi/13.3.1/thumb/v7e-m+fp/hard/crtbegin.o
 *(.bss*)
 .bss.__sf      0x20000084      0x138 C:/ST/STM32CubeCLT_1.18.0/GNU-tools-for-STM32/bin/../lib/gcc/arm-none-eabi/13.3.1/../../../../arm-none-eabi/lib/thumb/v7e-m+fp/hard\libc_nano.a(libc_a-findfp.o)
                0x20000084                __sf
 .bss.__stdio_exit_handler
                0x200001bc        0x4 C:/ST/STM32CubeCLT_1.18.0/GNU-tools-for-STM32/bin/../lib/gcc/arm-none-eabi/13.3.1/../../../../arm-none-eabi/lib/thumb/v7e-m+fp/hard\libc_nano.a(libc_a-findfp.o)
                0x200001bc                __stdio_exit_handler
 .bss.errno     0x200001c0        0x4 C:/ST/STM32CubeCLT_1.18.0/GNU-tools-for-STM32/bin/../lib/gcc/arm-none-eabi/13.3.1/../../../../arm-none-eabi/lib/thumb/v7e-m+fp/hard\libc_nano.a(libc_a-reent.o)
                0x200001c0                errno
 .bss.__lock___malloc_recursive_mutex
                0x200001c4        0x1 C:/ST/STM32CubeCLT_1.18.0/GNU-tools-for-STM32/bin/../lib/gcc/arm-none-eabi/13.3.1/../../../../arm-none-eabi/lib/thumb/v7e-m+fp/hard\libc_nano.a(libc_a-lock.o)
                0x200001c4                __lock___malloc_recursive_mutex
 .bss.__lock___sfp_recursive_mutex
                0x200001c5        0x1 C:/ST/STM32CubeCLT_1.18.0/GNU-tools-for-STM32/bin/../lib/gcc/arm-none-eabi/13.3.1/../../../../arm-none-eabi/lib/thumb/v7e-m+fp/hard\libc_nano.a(libc_a-lock.o)
                0x200001c5                __lock___sfp_recursive_mutex
 *fill*         0x200001c6        0x2 
 .bss.__malloc_sbrk_start
                0x200001c8        0x4 C:/ST/STM32CubeCLT_1.18.0/GNU-tools-for-STM32/bin/../lib/gcc/arm-none-eabi/13.3.1/../../../../arm-none-eabi/lib/thumb/v7e-m+fp/hard\libc_nano.a(libc_a-mallocr.o)
                0x200001c8                __malloc_sbrk_start
 .bss.__malloc_free_list
                0x200001cc        0x4 C:/ST/STM32CubeCLT_1.18.0/GNU-tools-for-STM32/bin/../lib/gcc/arm-none-eabi/13.3.1/../../../../arm-none-eabi/lib/thumb/v7e-m+fp/hard\libc_nano.a(libc_a-mallocr.o)
                0x200001cc                __malloc_free_list
 .bss.uwTick    0x200001d0        0x4 cmake/stm32cubemx/CMakeFiles/STM32_Drivers.dir/__/__/Drivers/STM32F4xx_HAL_Driver/Src/stm32f4xx_hal.c.obj
                0x200001d0                uwTick
 .bss.hcan1     0x200001d4       0x28 CMakeFiles/STM_MainBoard.dir/Core/Src/main.c.obj
                0x200001d4                hcan1
 .bss.hcan2     0x200001fc       0x28 CMakeFiles/STM_MainBoard.dir/Core/Src/main.c.obj
                0x200001fc                hcan2
 .bss.htim2     0x20000224       0x48 CMakeFiles/STM_MainBoard.dir/Core/Src/main.c.obj
                0x20000224                htim2
 .bss.huart3    0x2000026c       0x48 CMakeFiles/STM_MainBoard.dir/Core/Src/main.c.obj
                0x2000026c                huart3
 .bss.reverse   0x200002b4        0x4 CMakeFiles/STM_MainBoard.dir/Core/Src/main.c.obj
                0x200002b4                reverse
 .bss.Rx1_unit_code
                0x200002b8        0x4 CMakeFiles/STM_MainBoard.dir/Core/Src/main.c.obj
 .bss.Rx1_unit_id
                0x200002bc        0x4 CMakeFiles/STM_MainBoard.dir/Core/Src/main.c.obj
 .bss.RxHeader1
                0x200002c0       0x1c CMakeFiles/STM_MainBoard.dir/Core/Src/main.c.obj
 .bss.RxData1   0x200002dc        0x8 CMakeFiles/STM_MainBoard.dir/Core/Src/main.c.obj
 .bss.id        0x200002e4        0x4 CMakeFiles/STM_MainBoard.dir/Core/Src/main.c.obj
 .bss.data_ESP  0x200002e8        0x8 CMakeFiles/STM_MainBoard.dir/Core/Src/main.c.obj
 .bss.data_PCU  0x200002f0        0x8 CMakeFiles/STM_MainBoard.dir/Core/Src/main.c.obj
 .bss.data_MCU1
                0x200002f8        0x8 CMakeFiles/STM_MainBoard.dir/Core/Src/main.c.obj
 .bss.data_MCU2
                0x20000300        0x8 CMakeFiles/STM_MainBoard.dir/Core/Src/main.c.obj
 .bss.data_RU   0x20000308        0x8 CMakeFiles/STM_MainBoard.dir/Core/Src/main.c.obj
 .bss.data_type_ESP
                0x20000310        0x8 CMakeFiles/STM_MainBoard.dir/Core/Src/main.c.obj
                0x20000310                data_type_ESP
 .bss.data_type_PCU
                0x20000318        0x8 CMakeFiles/STM_MainBoard.dir/Core/Src/main.c.obj
                0x20000318                data_type_PCU
 .bss.data_type_MCU1
                0x20000320        0x8 CMakeFiles/STM_MainBoard.dir/Core/Src/main.c.obj
                0x20000320                data_type_MCU1
 .bss.data_type_MCU2
                0x20000328        0x8 CMakeFiles/STM_MainBoard.dir/Core/Src/main.c.obj
                0x20000328                data_type_MCU2
 .bss.data_type_RU
                0x20000330        0x8 CMakeFiles/STM_MainBoard.dir/Core/Src/main.c.obj
                0x20000330                data_type_RU
 .bss.connection_time
                0x20000338       0x14 CMakeFiles/STM_MainBoard.dir/Core/Src/main.c.obj
                0x20000338                connection_time
 .bss.Rx1_index
                0x2000034c        0x4 CMakeFiles/STM_MainBoard.dir/Core/Src/main.c.obj
                0x2000034c                Rx1_index
 .bss.Rx1_entry
                0x20000350        0x4 CMakeFiles/STM_MainBoard.dir/Core/Src/main.c.obj
                0x20000350                Rx1_entry
 .bss.device_list
                0x20000354       0x14 CMakeFiles/STM_MainBoard.dir/Core/Src/main.c.obj
                0x20000354                device_list
 .bss.HAL_RCC_CAN1_CLK_ENABLED
                0x20000368        0x4 CMakeFiles/STM_MainBoard.dir/Core/Src/stm32f4xx_hal_msp.c.obj
 .bss.__sbrk_heap_end
                0x2000036c        0x4 CMakeFiles/STM_MainBoard.dir/Core/Src/sysmem.c.obj
 .bss.my_unit_code
                0x20000370        0x4 CMakeFiles/STM_MainBoard.dir/Core/Src/imrc_ecan.c.obj
                0x20000370                my_unit_code
 .bss.my_unit_id
                0x20000374        0x4 CMakeFiles/STM_MainBoard.dir/Core/Src/imrc_ecan.c.obj
                0x20000374                my_unit_id
 .bss.relayState
                0x20000378        0x4 CMakeFiles/STM_MainBoard.dir/Core/Src/imrc_RU_control.c.obj
                0x20000378                relayState
 .bss.pre_relayState
                0x2000037c        0x4 CMakeFiles/STM_MainBoard.dir/Core/Src/imrc_RU_control.c.obj
                0x2000037c                pre_relayState
 .bss.MCU_move_unit_id
                0x20000380        0x4 CMakeFiles/STM_MainBoard.dir/Core/Src/imrc_MCU_control.c.obj
 .bss.MCU_move_hcan
                0x20000384        0x4 CMakeFiles/STM_MainBoard.dir/Core/Src/imrc_MCU_control.c.obj
 .bss.MCU_max_speed
                0x20000388        0x4 CMakeFiles/STM_MainBoard.dir/Core/Src/imrc_MCU_control.c.obj
 .bss.move_body
                0x2000038c        0x3 CMakeFiles/STM_MainBoard.dir/Core/Src/imrc_MCU_control.c.obj
 *fill*         0x2000038f        0x1 
 .bss.pre_move_body
                0x20000390        0x3 CMakeFiles/STM_MainBoard.dir/Core/Src/imrc_MCU_control.c.obj
 *fill*         0x20000393        0x1 
 .bss.last_arm_command
                0x20000394        0x4 CMakeFiles/STM_MainBoard.dir/Core/Src/imrc_MCU_control.c.obj
                0x20000394                last_arm_command
 .bss._btnState
                0x20000398        0xe CMakeFiles/STM_MainBoard.dir/Core/Src/canCtrlConv.c.obj
 *fill*         0x200003a6        0x2 
 .bss._axiState
                0x200003a8       0x10 CMakeFiles/STM_MainBoard.dir/Core/Src/canCtrlConv.c.obj
 .bss._axiCoord
                0x200003b8        0x8 CMakeFiles/STM_MainBoard.dir/Core/Src/canCtrlConv.c.obj
 .bss._receiveData
                0x200003c0        0x8 CMakeFiles/STM_MainBoard.dir/Core/Src/canCtrlConv.c.obj
 .bss._stickResolution
                0x200003c8        0x1 CMakeFiles/STM_MainBoard.dir/Core/Src/canCtrlConv.c.obj
 .bss._deadzone
                0x200003c9        0x1 CMakeFiles/STM_MainBoard.dir/Core/Src/canCtrlConv.c.obj
 .bss._isCANReceived
                0x200003ca        0x1 CMakeFiles/STM_MainBoard.dir/Core/Src/canCtrlConv.c.obj
 *fill*         0x200003cb        0x1 
 .bss.PCU_unit_id
                0x200003cc        0x4 CMakeFiles/STM_MainBoard.dir/Core/Src/imrc_PCU_control.c.obj
 .bss.PCU_hcan  0x200003d0        0x4 CMakeFiles/STM_MainBoard.dir/Core/Src/imrc_PCU_control.c.obj
 .bss.pre_State
                0x200003d4        0x4 CMakeFiles/STM_MainBoard.dir/Core/Src/imrc_PCU_control.c.obj
 .bss.State     0x200003d8        0x4 CMakeFiles/STM_MainBoard.dir/Core/Src/imrc_PCU_control.c.obj
 .bss.last_signal_time.0
                0x200003dc        0x4 CMakeFiles/STM_MainBoard.dir/Core/Src/imrc_PCU_control.c.obj
 *(COMMON)
                0x200003e0                        . = ALIGN (0x4)
                0x200003e0                        _ebss = .
                0x200003e0                        __bss_end__ = _ebss

._user_heap_stack
                0x200003e0      0x600 load address 0x08007510
                0x200003e0                        . = ALIGN (0x8)
                [!provide]                        PROVIDE (end = .)
                0x200003e0                        PROVIDE (_end = .)
                0x200005e0                        . = (. + _Min_Heap_Size)
 *fill*         0x200003e0      0x200 
                0x200009e0                        . = (. + _Min_Stack_Size)
 *fill*         0x200005e0      0x400 
                0x200009e0                        . = ALIGN (0x8)

/DISCARD/
 libc.a(*)
 libm.a(*)
 libgcc.a(*)
OUTPUT(STM_MainBoard.elf elf32-littlearm)
LOAD linker stubs
LOAD C:/ST/STM32CubeCLT_1.18.0/GNU-tools-for-STM32/bin/../lib/gcc/arm-none-eabi/13.3.1/../../../../arm-none-eabi/lib/thumb/v7e-m+fp/hard\libc.a
LOAD C:/ST/STM32CubeCLT_1.18.0/GNU-tools-for-STM32/bin/../lib/gcc/arm-none-eabi/13.3.1/../../../../arm-none-eabi/lib/thumb/v7e-m+fp/hard\libm.a
LOAD C:/ST/STM32CubeCLT_1.18.0/GNU-tools-for-STM32/bin/../lib/gcc/arm-none-eabi/13.3.1/thumb/v7e-m+fp/hard\libgcc.a

.ARM.attributes
                0x00000000       0x30
 .ARM.attributes
                0x00000000       0x22 C:/ST/STM32CubeCLT_1.18.0/GNU-tools-for-STM32/bin/../lib/gcc/arm-none-eabi/13.3.1/thumb/v7e-m+fp/hard/crti.o
 .ARM.attributes
                0x00000022       0x34 C:/ST/STM32CubeCLT_1.18.0/GNU-tools-for-STM32/bin/../lib/gcc/arm-none-eabi/13.3.1/thumb/v7e-m+fp/hard/crtbegin.o
 .ARM.attributes
                0x00000056       0x34 C:/ST/STM32CubeCLT_1.18.0/GNU-tools-for-STM32/bin/../lib/gcc/arm-none-eabi/13.3.1/../../../../arm-none-eabi/lib/thumb/v7e-m+fp/hard\libc_nano.a(libc_a-findfp.o)
 .ARM.attributes
                0x0000008a       0x34 C:/ST/STM32CubeCLT_1.18.0/GNU-tools-for-STM32/bin/../lib/gcc/arm-none-eabi/13.3.1/../../../../arm-none-eabi/lib/thumb/v7e-m+fp/hard\libc_nano.a(libc_a-fwalk.o)
 .ARM.attributes
                0x000000be       0x34 C:/ST/STM32CubeCLT_1.18.0/GNU-tools-for-STM32/bin/../lib/gcc/arm-none-eabi/13.3.1/../../../../arm-none-eabi/lib/thumb/v7e-m+fp/hard\libc_nano.a(libc_a-stdio.o)
 .ARM.attributes
                0x000000f2       0x34 C:/ST/STM32CubeCLT_1.18.0/GNU-tools-for-STM32/bin/../lib/gcc/arm-none-eabi/13.3.1/../../../../arm-none-eabi/lib/thumb/v7e-m+fp/hard\libc_nano.a(libc_a-memset.o)
 .ARM.attributes
                0x00000126       0x34 C:/ST/STM32CubeCLT_1.18.0/GNU-tools-for-STM32/bin/../lib/gcc/arm-none-eabi/13.3.1/../../../../arm-none-eabi/lib/thumb/v7e-m+fp/hard\libc_nano.a(libc_a-closer.o)
 .ARM.attributes
                0x0000015a       0x34 C:/ST/STM32CubeCLT_1.18.0/GNU-tools-for-STM32/bin/../lib/gcc/arm-none-eabi/13.3.1/../../../../arm-none-eabi/lib/thumb/v7e-m+fp/hard\libc_nano.a(libc_a-reent.o)
 .ARM.attributes
                0x0000018e       0x34 C:/ST/STM32CubeCLT_1.18.0/GNU-tools-for-STM32/bin/../lib/gcc/arm-none-eabi/13.3.1/../../../../arm-none-eabi/lib/thumb/v7e-m+fp/hard\libc_nano.a(libc_a-impure.o)
 .ARM.attributes
                0x000001c2       0x34 C:/ST/STM32CubeCLT_1.18.0/GNU-tools-for-STM32/bin/../lib/gcc/arm-none-eabi/13.3.1/../../../../arm-none-eabi/lib/thumb/v7e-m+fp/hard\libc_nano.a(libc_a-lseekr.o)
 .ARM.attributes
                0x000001f6       0x34 C:/ST/STM32CubeCLT_1.18.0/GNU-tools-for-STM32/bin/../lib/gcc/arm-none-eabi/13.3.1/../../../../arm-none-eabi/lib/thumb/v7e-m+fp/hard\libc_nano.a(libc_a-readr.o)
 .ARM.attributes
                0x0000022a       0x34 C:/ST/STM32CubeCLT_1.18.0/GNU-tools-for-STM32/bin/../lib/gcc/arm-none-eabi/13.3.1/../../../../arm-none-eabi/lib/thumb/v7e-m+fp/hard\libc_nano.a(libc_a-writer.o)
 .ARM.attributes
                0x0000025e       0x34 C:/ST/STM32CubeCLT_1.18.0/GNU-tools-for-STM32/bin/../lib/gcc/arm-none-eabi/13.3.1/../../../../arm-none-eabi/lib/thumb/v7e-m+fp/hard\libc_nano.a(libc_a-init.o)
 .ARM.attributes
                0x00000292       0x34 C:/ST/STM32CubeCLT_1.18.0/GNU-tools-for-STM32/bin/../lib/gcc/arm-none-eabi/13.3.1/../../../../arm-none-eabi/lib/thumb/v7e-m+fp/hard\libc_nano.a(libc_a-lock.o)
 .ARM.attributes
                0x000002c6       0x34 C:/ST/STM32CubeCLT_1.18.0/GNU-tools-for-STM32/bin/../lib/gcc/arm-none-eabi/13.3.1/../../../../arm-none-eabi/lib/thumb/v7e-m+fp/hard\libc_nano.a(libc_a-freer.o)
 .ARM.attributes
                0x000002fa       0x34 C:/ST/STM32CubeCLT_1.18.0/GNU-tools-for-STM32/bin/../lib/gcc/arm-none-eabi/13.3.1/../../../../arm-none-eabi/lib/thumb/v7e-m+fp/hard\libc_nano.a(libc_a-mallocr.o)
 .ARM.attributes
                0x0000032e       0x34 C:/ST/STM32CubeCLT_1.18.0/GNU-tools-for-STM32/bin/../lib/gcc/arm-none-eabi/13.3.1/../../../../arm-none-eabi/lib/thumb/v7e-m+fp/hard\libc_nano.a(libc_a-mlock.o)
 .ARM.attributes
                0x00000362       0x34 C:/ST/STM32CubeCLT_1.18.0/GNU-tools-for-STM32/bin/../lib/gcc/arm-none-eabi/13.3.1/../../../../arm-none-eabi/lib/thumb/v7e-m+fp/hard\libc_nano.a(libc_a-fflush.o)
 .ARM.attributes
                0x00000396       0x34 C:/ST/STM32CubeCLT_1.18.0/GNU-tools-for-STM32/bin/../lib/gcc/arm-none-eabi/13.3.1/../../../../arm-none-eabi/lib/thumb/v7e-m+fp/hard\libc_nano.a(libc_a-sbrkr.o)
 .ARM.attributes
                0x000003ca       0x34 cmake/stm32cubemx/CMakeFiles/STM32_Drivers.dir/__/__/Core/Src/system_stm32f4xx.c.obj
 .ARM.attributes
                0x000003fe       0x34 cmake/stm32cubemx/CMakeFiles/STM32_Drivers.dir/__/__/Drivers/STM32F4xx_HAL_Driver/Src/stm32f4xx_hal_can.c.obj
 .ARM.attributes
                0x00000432       0x34 cmake/stm32cubemx/CMakeFiles/STM32_Drivers.dir/__/__/Drivers/STM32F4xx_HAL_Driver/Src/stm32f4xx_hal_rcc.c.obj
 .ARM.attributes
                0x00000466       0x34 cmake/stm32cubemx/CMakeFiles/STM32_Drivers.dir/__/__/Drivers/STM32F4xx_HAL_Driver/Src/stm32f4xx_hal_rcc_ex.c.obj
 .ARM.attributes
                0x0000049a       0x34 cmake/stm32cubemx/CMakeFiles/STM32_Drivers.dir/__/__/Drivers/STM32F4xx_HAL_Driver/Src/stm32f4xx_hal_gpio.c.obj
 .ARM.attributes
                0x000004ce       0x34 cmake/stm32cubemx/CMakeFiles/STM32_Drivers.dir/__/__/Drivers/STM32F4xx_HAL_Driver/Src/stm32f4xx_hal_cortex.c.obj
 .ARM.attributes
                0x00000502       0x34 cmake/stm32cubemx/CMakeFiles/STM32_Drivers.dir/__/__/Drivers/STM32F4xx_HAL_Driver/Src/stm32f4xx_hal.c.obj
 .ARM.attributes
                0x00000536       0x34 cmake/stm32cubemx/CMakeFiles/STM32_Drivers.dir/__/__/Drivers/STM32F4xx_HAL_Driver/Src/stm32f4xx_hal_tim.c.obj
 .ARM.attributes
                0x0000056a       0x34 cmake/stm32cubemx/CMakeFiles/STM32_Drivers.dir/__/__/Drivers/STM32F4xx_HAL_Driver/Src/stm32f4xx_hal_tim_ex.c.obj
 .ARM.attributes
                0x0000059e       0x34 cmake/stm32cubemx/CMakeFiles/STM32_Drivers.dir/__/__/Drivers/STM32F4xx_HAL_Driver/Src/stm32f4xx_hal_uart.c.obj
 .ARM.attributes
                0x000005d2       0x34 CMakeFiles/STM_MainBoard.dir/Core/Src/main.c.obj
 .ARM.attributes
                0x00000606       0x34 CMakeFiles/STM_MainBoard.dir/Core/Src/stm32f4xx_it.c.obj
 .ARM.attributes
                0x0000063a       0x34 CMakeFiles/STM_MainBoard.dir/Core/Src/stm32f4xx_hal_msp.c.obj
 .ARM.attributes
                0x0000066e       0x34 CMakeFiles/STM_MainBoard.dir/Core/Src/sysmem.c.obj
 .ARM.attributes
                0x000006a2       0x34 CMakeFiles/STM_MainBoard.dir/Core/Src/syscalls.c.obj
 .ARM.attributes
                0x000006d6       0x21 CMakeFiles/STM_MainBoard.dir/startup_stm32f446xx.s.obj
 .ARM.attributes
                0x000006f7       0x34 CMakeFiles/STM_MainBoard.dir/Core/Src/imrc_ecan.c.obj
 .ARM.attributes
                0x0000072b       0x34 CMakeFiles/STM_MainBoard.dir/Core/Src/imrc_LD_220MG.c.obj
 .ARM.attributes
                0x0000075f       0x34 CMakeFiles/STM_MainBoard.dir/Core/Src/imrc_RU_control.c.obj
 .ARM.attributes
                0x00000793       0x34 CMakeFiles/STM_MainBoard.dir/Core/Src/imrc_MCU_control.c.obj
 .ARM.attributes
                0x000007c7       0x34 CMakeFiles/STM_MainBoard.dir/Core/Src/canCtrlConv.c.obj
 .ARM.attributes
                0x000007fb       0x34 CMakeFiles/STM_MainBoard.dir/Core/Src/imrc_PCU_control.c.obj
 .ARM.attributes
                0x0000082f       0x22 C:/ST/STM32CubeCLT_1.18.0/GNU-tools-for-STM32/bin/../lib/gcc/arm-none-eabi/13.3.1/thumb/v7e-m+fp/hard\libgcc.a(_arm_addsubdf3.o)
 .ARM.attributes
                0x00000851       0x22 C:/ST/STM32CubeCLT_1.18.0/GNU-tools-for-STM32/bin/../lib/gcc/arm-none-eabi/13.3.1/thumb/v7e-m+fp/hard\libgcc.a(_arm_fixunsdfsi.o)
 .ARM.attributes
                0x00000873       0x22 C:/ST/STM32CubeCLT_1.18.0/GNU-tools-for-STM32/bin/../lib/gcc/arm-none-eabi/13.3.1/thumb/v7e-m+fp/hard\libgcc.a(_aeabi_uldivmod.o)
 .ARM.attributes
                0x00000895       0x34 C:/ST/STM32CubeCLT_1.18.0/GNU-tools-for-STM32/bin/../lib/gcc/arm-none-eabi/13.3.1/thumb/v7e-m+fp/hard\libgcc.a(_udivmoddi4.o)
 .ARM.attributes
                0x000008c9       0x22 C:/ST/STM32CubeCLT_1.18.0/GNU-tools-for-STM32/bin/../lib/gcc/arm-none-eabi/13.3.1/thumb/v7e-m+fp/hard\libgcc.a(_dvmd_tls.o)
 .ARM.attributes
                0x000008eb       0x34 C:/ST/STM32CubeCLT_1.18.0/GNU-tools-for-STM32/bin/../lib/gcc/arm-none-eabi/13.3.1/../../../../arm-none-eabi/lib/thumb/v7e-m+fp/hard\libg_nano.a(libc_a-printf.o)
 .ARM.attributes
                0x0000091f       0x34 C:/ST/STM32CubeCLT_1.18.0/GNU-tools-for-STM32/bin/../lib/gcc/arm-none-eabi/13.3.1/../../../../arm-none-eabi/lib/thumb/v7e-m+fp/hard\libg_nano.a(libc_a-setbuf.o)
 .ARM.attributes
                0x00000953       0x34 C:/ST/STM32CubeCLT_1.18.0/GNU-tools-for-STM32/bin/../lib/gcc/arm-none-eabi/13.3.1/../../../../arm-none-eabi/lib/thumb/v7e-m+fp/hard\libg_nano.a(libc_a-setvbuf.o)
 .ARM.attributes
                0x00000987       0x34 C:/ST/STM32CubeCLT_1.18.0/GNU-tools-for-STM32/bin/../lib/gcc/arm-none-eabi/13.3.1/../../../../arm-none-eabi/lib/thumb/v7e-m+fp/hard\libg_nano.a(libc_a-errno.o)
 .ARM.attributes
                0x000009bb       0x34 C:/ST/STM32CubeCLT_1.18.0/GNU-tools-for-STM32/bin/../lib/gcc/arm-none-eabi/13.3.1/../../../../arm-none-eabi/lib/thumb/v7e-m+fp/hard\libg_nano.a(libc_a-malloc.o)
 .ARM.attributes
                0x000009ef       0x34 C:/ST/STM32CubeCLT_1.18.0/GNU-tools-for-STM32/bin/../lib/gcc/arm-none-eabi/13.3.1/../../../../arm-none-eabi/lib/thumb/v7e-m+fp/hard\libg_nano.a(libc_a-nano-vfprintf.o)
 .ARM.attributes
                0x00000a23       0x34 C:/ST/STM32CubeCLT_1.18.0/GNU-tools-for-STM32/bin/../lib/gcc/arm-none-eabi/13.3.1/../../../../arm-none-eabi/lib/thumb/v7e-m+fp/hard\libg_nano.a(libc_a-nano-vfprintf_i.o)
 .ARM.attributes
                0x00000a57       0x34 C:/ST/STM32CubeCLT_1.18.0/GNU-tools-for-STM32/bin/../lib/gcc/arm-none-eabi/13.3.1/../../../../arm-none-eabi/lib/thumb/v7e-m+fp/hard\libg_nano.a(libc_a-makebuf.o)
 .ARM.attributes
                0x00000a8b       0x34 C:/ST/STM32CubeCLT_1.18.0/GNU-tools-for-STM32/bin/../lib/gcc/arm-none-eabi/13.3.1/../../../../arm-none-eabi/lib/thumb/v7e-m+fp/hard\libg_nano.a(libc_a-wbuf.o)
 .ARM.attributes
                0x00000abf       0x34 C:/ST/STM32CubeCLT_1.18.0/GNU-tools-for-STM32/bin/../lib/gcc/arm-none-eabi/13.3.1/../../../../arm-none-eabi/lib/thumb/v7e-m+fp/hard\libg_nano.a(libc_a-wsetup.o)
 .ARM.attributes
                0x00000af3       0x34 C:/ST/STM32CubeCLT_1.18.0/GNU-tools-for-STM32/bin/../lib/gcc/arm-none-eabi/13.3.1/../../../../arm-none-eabi/lib/thumb/v7e-m+fp/hard\libg_nano.a(libc_a-fstatr.o)
 .ARM.attributes
                0x00000b27       0x34 C:/ST/STM32CubeCLT_1.18.0/GNU-tools-for-STM32/bin/../lib/gcc/arm-none-eabi/13.3.1/../../../../arm-none-eabi/lib/thumb/v7e-m+fp/hard\libg_nano.a(libc_a-isattyr.o)
 .ARM.attributes
                0x00000b5b       0x1c C:/ST/STM32CubeCLT_1.18.0/GNU-tools-for-STM32/bin/../lib/gcc/arm-none-eabi/13.3.1/../../../../arm-none-eabi/lib/thumb/v7e-m+fp/hard\libg_nano.a(libc_a-memchr.o)
 .ARM.attributes
                0x00000b77       0x22 C:/ST/STM32CubeCLT_1.18.0/GNU-tools-for-STM32/bin/../lib/gcc/arm-none-eabi/13.3.1/thumb/v7e-m+fp/hard/crtn.o

.comment        0x00000000       0x43
 .comment       0x00000000       0x43 cmake/stm32cubemx/CMakeFiles/STM32_Drivers.dir/__/__/Core/Src/system_stm32f4xx.c.obj
                                 0x44 (size before relaxing)
 .comment       0x00000043       0x44 cmake/stm32cubemx/CMakeFiles/STM32_Drivers.dir/__/__/Drivers/STM32F4xx_HAL_Driver/Src/stm32f4xx_hal_can.c.obj
 .comment       0x00000043       0x44 cmake/stm32cubemx/CMakeFiles/STM32_Drivers.dir/__/__/Drivers/STM32F4xx_HAL_Driver/Src/stm32f4xx_hal_rcc.c.obj
 .comment       0x00000043       0x44 cmake/stm32cubemx/CMakeFiles/STM32_Drivers.dir/__/__/Drivers/STM32F4xx_HAL_Driver/Src/stm32f4xx_hal_rcc_ex.c.obj
 .comment       0x00000043       0x44 cmake/stm32cubemx/CMakeFiles/STM32_Drivers.dir/__/__/Drivers/STM32F4xx_HAL_Driver/Src/stm32f4xx_hal_gpio.c.obj
 .comment       0x00000043       0x44 cmake/stm32cubemx/CMakeFiles/STM32_Drivers.dir/__/__/Drivers/STM32F4xx_HAL_Driver/Src/stm32f4xx_hal_cortex.c.obj
 .comment       0x00000043       0x44 cmake/stm32cubemx/CMakeFiles/STM32_Drivers.dir/__/__/Drivers/STM32F4xx_HAL_Driver/Src/stm32f4xx_hal.c.obj
 .comment       0x00000043       0x44 cmake/stm32cubemx/CMakeFiles/STM32_Drivers.dir/__/__/Drivers/STM32F4xx_HAL_Driver/Src/stm32f4xx_hal_tim.c.obj
 .comment       0x00000043       0x44 cmake/stm32cubemx/CMakeFiles/STM32_Drivers.dir/__/__/Drivers/STM32F4xx_HAL_Driver/Src/stm32f4xx_hal_tim_ex.c.obj
 .comment       0x00000043       0x44 cmake/stm32cubemx/CMakeFiles/STM32_Drivers.dir/__/__/Drivers/STM32F4xx_HAL_Driver/Src/stm32f4xx_hal_uart.c.obj
 .comment       0x00000043       0x44 CMakeFiles/STM_MainBoard.dir/Core/Src/main.c.obj
 .comment       0x00000043       0x44 CMakeFiles/STM_MainBoard.dir/Core/Src/stm32f4xx_it.c.obj
 .comment       0x00000043       0x44 CMakeFiles/STM_MainBoard.dir/Core/Src/stm32f4xx_hal_msp.c.obj
 .comment       0x00000043       0x44 CMakeFiles/STM_MainBoard.dir/Core/Src/sysmem.c.obj
 .comment       0x00000043       0x44 CMakeFiles/STM_MainBoard.dir/Core/Src/syscalls.c.obj
 .comment       0x00000043       0x44 CMakeFiles/STM_MainBoard.dir/Core/Src/imrc_ecan.c.obj
 .comment       0x00000043       0x44 CMakeFiles/STM_MainBoard.dir/Core/Src/imrc_LD_220MG.c.obj
 .comment       0x00000043       0x44 CMakeFiles/STM_MainBoard.dir/Core/Src/imrc_RU_control.c.obj
 .comment       0x00000043       0x44 CMakeFiles/STM_MainBoard.dir/Core/Src/imrc_MCU_control.c.obj
 .comment       0x00000043       0x44 CMakeFiles/STM_MainBoard.dir/Core/Src/canCtrlConv.c.obj
 .comment       0x00000043       0x44 CMakeFiles/STM_MainBoard.dir/Core/Src/imrc_PCU_control.c.obj
 .comment       0x00000043       0x44 C:/ST/STM32CubeCLT_1.18.0/GNU-tools-for-STM32/bin/../lib/gcc/arm-none-eabi/13.3.1/../../../../arm-none-eabi/lib/thumb/v7e-m+fp/hard\libg_nano.a(libc_a-printf.o)
 .comment       0x00000043       0x44 C:/ST/STM32CubeCLT_1.18.0/GNU-tools-for-STM32/bin/../lib/gcc/arm-none-eabi/13.3.1/../../../../arm-none-eabi/lib/thumb/v7e-m+fp/hard\libg_nano.a(libc_a-setbuf.o)
 .comment       0x00000043       0x44 C:/ST/STM32CubeCLT_1.18.0/GNU-tools-for-STM32/bin/../lib/gcc/arm-none-eabi/13.3.1/../../../../arm-none-eabi/lib/thumb/v7e-m+fp/hard\libg_nano.a(libc_a-setvbuf.o)
 .comment       0x00000043       0x44 C:/ST/STM32CubeCLT_1.18.0/GNU-tools-for-STM32/bin/../lib/gcc/arm-none-eabi/13.3.1/../../../../arm-none-eabi/lib/thumb/v7e-m+fp/hard\libg_nano.a(libc_a-errno.o)
 .comment       0x00000043       0x44 C:/ST/STM32CubeCLT_1.18.0/GNU-tools-for-STM32/bin/../lib/gcc/arm-none-eabi/13.3.1/../../../../arm-none-eabi/lib/thumb/v7e-m+fp/hard\libg_nano.a(libc_a-malloc.o)
 .comment       0x00000043       0x44 C:/ST/STM32CubeCLT_1.18.0/GNU-tools-for-STM32/bin/../lib/gcc/arm-none-eabi/13.3.1/../../../../arm-none-eabi/lib/thumb/v7e-m+fp/hard\libg_nano.a(libc_a-nano-vfprintf.o)
 .comment       0x00000043       0x44 C:/ST/STM32CubeCLT_1.18.0/GNU-tools-for-STM32/bin/../lib/gcc/arm-none-eabi/13.3.1/../../../../arm-none-eabi/lib/thumb/v7e-m+fp/hard\libg_nano.a(libc_a-nano-vfprintf_i.o)
 .comment       0x00000043       0x44 C:/ST/STM32CubeCLT_1.18.0/GNU-tools-for-STM32/bin/../lib/gcc/arm-none-eabi/13.3.1/../../../../arm-none-eabi/lib/thumb/v7e-m+fp/hard\libg_nano.a(libc_a-makebuf.o)
 .comment       0x00000043       0x44 C:/ST/STM32CubeCLT_1.18.0/GNU-tools-for-STM32/bin/../lib/gcc/arm-none-eabi/13.3.1/../../../../arm-none-eabi/lib/thumb/v7e-m+fp/hard\libg_nano.a(libc_a-wbuf.o)
 .comment       0x00000043       0x44 C:/ST/STM32CubeCLT_1.18.0/GNU-tools-for-STM32/bin/../lib/gcc/arm-none-eabi/13.3.1/../../../../arm-none-eabi/lib/thumb/v7e-m+fp/hard\libg_nano.a(libc_a-wsetup.o)
 .comment       0x00000043       0x44 C:/ST/STM32CubeCLT_1.18.0/GNU-tools-for-STM32/bin/../lib/gcc/arm-none-eabi/13.3.1/../../../../arm-none-eabi/lib/thumb/v7e-m+fp/hard\libg_nano.a(libc_a-fstatr.o)
 .comment       0x00000043       0x44 C:/ST/STM32CubeCLT_1.18.0/GNU-tools-for-STM32/bin/../lib/gcc/arm-none-eabi/13.3.1/../../../../arm-none-eabi/lib/thumb/v7e-m+fp/hard\libg_nano.a(libc_a-isattyr.o)

.debug_frame    0x00000000     0x4bd4
 .debug_frame   0x00000000      0x144 C:/ST/STM32CubeCLT_1.18.0/GNU-tools-for-STM32/bin/../lib/gcc/arm-none-eabi/13.3.1/../../../../arm-none-eabi/lib/thumb/v7e-m+fp/hard\libc_nano.a(libc_a-findfp.o)
 .debug_frame   0x00000144       0x34 C:/ST/STM32CubeCLT_1.18.0/GNU-tools-for-STM32/bin/../lib/gcc/arm-none-eabi/13.3.1/../../../../arm-none-eabi/lib/thumb/v7e-m+fp/hard\libc_nano.a(libc_a-fwalk.o)
 .debug_frame   0x00000178       0x88 C:/ST/STM32CubeCLT_1.18.0/GNU-tools-for-STM32/bin/../lib/gcc/arm-none-eabi/13.3.1/../../../../arm-none-eabi/lib/thumb/v7e-m+fp/hard\libc_nano.a(libc_a-stdio.o)
 .debug_frame   0x00000200       0x20 C:/ST/STM32CubeCLT_1.18.0/GNU-tools-for-STM32/bin/../lib/gcc/arm-none-eabi/13.3.1/../../../../arm-none-eabi/lib/thumb/v7e-m+fp/hard\libc_nano.a(libc_a-memset.o)
 .debug_frame   0x00000220       0x2c C:/ST/STM32CubeCLT_1.18.0/GNU-tools-for-STM32/bin/../lib/gcc/arm-none-eabi/13.3.1/../../../../arm-none-eabi/lib/thumb/v7e-m+fp/hard\libc_nano.a(libc_a-closer.o)
 .debug_frame   0x0000024c       0x38 C:/ST/STM32CubeCLT_1.18.0/GNU-tools-for-STM32/bin/../lib/gcc/arm-none-eabi/13.3.1/../../../../arm-none-eabi/lib/thumb/v7e-m+fp/hard\libc_nano.a(libc_a-reent.o)
 .debug_frame   0x00000284       0x2c C:/ST/STM32CubeCLT_1.18.0/GNU-tools-for-STM32/bin/../lib/gcc/arm-none-eabi/13.3.1/../../../../arm-none-eabi/lib/thumb/v7e-m+fp/hard\libc_nano.a(libc_a-lseekr.o)
 .debug_frame   0x000002b0       0x2c C:/ST/STM32CubeCLT_1.18.0/GNU-tools-for-STM32/bin/../lib/gcc/arm-none-eabi/13.3.1/../../../../arm-none-eabi/lib/thumb/v7e-m+fp/hard\libc_nano.a(libc_a-readr.o)
 .debug_frame   0x000002dc       0x2c C:/ST/STM32CubeCLT_1.18.0/GNU-tools-for-STM32/bin/../lib/gcc/arm-none-eabi/13.3.1/../../../../arm-none-eabi/lib/thumb/v7e-m+fp/hard\libc_nano.a(libc_a-writer.o)
 .debug_frame   0x00000308       0x2c C:/ST/STM32CubeCLT_1.18.0/GNU-tools-for-STM32/bin/../lib/gcc/arm-none-eabi/13.3.1/../../../../arm-none-eabi/lib/thumb/v7e-m+fp/hard\libc_nano.a(libc_a-init.o)
 .debug_frame   0x00000334       0xb0 C:/ST/STM32CubeCLT_1.18.0/GNU-tools-for-STM32/bin/../lib/gcc/arm-none-eabi/13.3.1/../../../../arm-none-eabi/lib/thumb/v7e-m+fp/hard\libc_nano.a(libc_a-lock.o)
 .debug_frame   0x000003e4       0x38 C:/ST/STM32CubeCLT_1.18.0/GNU-tools-for-STM32/bin/../lib/gcc/arm-none-eabi/13.3.1/../../../../arm-none-eabi/lib/thumb/v7e-m+fp/hard\libc_nano.a(libc_a-freer.o)
 .debug_frame   0x0000041c       0x50 C:/ST/STM32CubeCLT_1.18.0/GNU-tools-for-STM32/bin/../lib/gcc/arm-none-eabi/13.3.1/../../../../arm-none-eabi/lib/thumb/v7e-m+fp/hard\libc_nano.a(libc_a-mallocr.o)
 .debug_frame   0x0000046c       0x30 C:/ST/STM32CubeCLT_1.18.0/GNU-tools-for-STM32/bin/../lib/gcc/arm-none-eabi/13.3.1/../../../../arm-none-eabi/lib/thumb/v7e-m+fp/hard\libc_nano.a(libc_a-mlock.o)
 .debug_frame   0x0000049c       0x5c C:/ST/STM32CubeCLT_1.18.0/GNU-tools-for-STM32/bin/../lib/gcc/arm-none-eabi/13.3.1/../../../../arm-none-eabi/lib/thumb/v7e-m+fp/hard\libc_nano.a(libc_a-fflush.o)
 .debug_frame   0x000004f8       0x2c C:/ST/STM32CubeCLT_1.18.0/GNU-tools-for-STM32/bin/../lib/gcc/arm-none-eabi/13.3.1/../../../../arm-none-eabi/lib/thumb/v7e-m+fp/hard\libc_nano.a(libc_a-sbrkr.o)
 .debug_frame   0x00000524       0x58 cmake/stm32cubemx/CMakeFiles/STM32_Drivers.dir/__/__/Core/Src/system_stm32f4xx.c.obj
 .debug_frame   0x0000057c      0x5a0 cmake/stm32cubemx/CMakeFiles/STM32_Drivers.dir/__/__/Drivers/STM32F4xx_HAL_Driver/Src/stm32f4xx_hal_can.c.obj
 .debug_frame   0x00000b1c      0x1f4 cmake/stm32cubemx/CMakeFiles/STM32_Drivers.dir/__/__/Drivers/STM32F4xx_HAL_Driver/Src/stm32f4xx_hal_rcc.c.obj
 .debug_frame   0x00000d10      0x1e8 cmake/stm32cubemx/CMakeFiles/STM32_Drivers.dir/__/__/Drivers/STM32F4xx_HAL_Driver/Src/stm32f4xx_hal_rcc_ex.c.obj
 .debug_frame   0x00000ef8      0x14c cmake/stm32cubemx/CMakeFiles/STM32_Drivers.dir/__/__/Drivers/STM32F4xx_HAL_Driver/Src/stm32f4xx_hal_gpio.c.obj
 .debug_frame   0x00001044      0x508 cmake/stm32cubemx/CMakeFiles/STM32_Drivers.dir/__/__/Drivers/STM32F4xx_HAL_Driver/Src/stm32f4xx_hal_cortex.c.obj
 .debug_frame   0x0000154c      0x374 cmake/stm32cubemx/CMakeFiles/STM32_Drivers.dir/__/__/Drivers/STM32F4xx_HAL_Driver/Src/stm32f4xx_hal.c.obj
 .debug_frame   0x000018c0     0x11c0 cmake/stm32cubemx/CMakeFiles/STM32_Drivers.dir/__/__/Drivers/STM32F4xx_HAL_Driver/Src/stm32f4xx_hal_tim.c.obj
 .debug_frame   0x00002a80      0x638 cmake/stm32cubemx/CMakeFiles/STM32_Drivers.dir/__/__/Drivers/STM32F4xx_HAL_Driver/Src/stm32f4xx_hal_tim_ex.c.obj
 .debug_frame   0x000030b8      0x954 cmake/stm32cubemx/CMakeFiles/STM32_Drivers.dir/__/__/Drivers/STM32F4xx_HAL_Driver/Src/stm32f4xx_hal_uart.c.obj
 .debug_frame   0x00003a0c      0x208 CMakeFiles/STM_MainBoard.dir/Core/Src/main.c.obj
 .debug_frame   0x00003c14      0x13c CMakeFiles/STM_MainBoard.dir/Core/Src/stm32f4xx_it.c.obj
 .debug_frame   0x00003d50      0x13c CMakeFiles/STM_MainBoard.dir/Core/Src/stm32f4xx_hal_msp.c.obj
 .debug_frame   0x00003e8c       0x34 CMakeFiles/STM_MainBoard.dir/Core/Src/sysmem.c.obj
 .debug_frame   0x00003ec0      0x2ac CMakeFiles/STM_MainBoard.dir/Core/Src/syscalls.c.obj
 .debug_frame   0x0000416c      0x29c CMakeFiles/STM_MainBoard.dir/Core/Src/imrc_ecan.c.obj
 .debug_frame   0x00004408       0x38 CMakeFiles/STM_MainBoard.dir/Core/Src/imrc_LD_220MG.c.obj
 .debug_frame   0x00004440       0x60 CMakeFiles/STM_MainBoard.dir/Core/Src/imrc_RU_control.c.obj
 .debug_frame   0x000044a0       0xa8 CMakeFiles/STM_MainBoard.dir/Core/Src/imrc_MCU_control.c.obj
 .debug_frame   0x00004548      0x16c CMakeFiles/STM_MainBoard.dir/Core/Src/canCtrlConv.c.obj
 .debug_frame   0x000046b4       0xb8 CMakeFiles/STM_MainBoard.dir/Core/Src/imrc_PCU_control.c.obj
 .debug_frame   0x0000476c       0xac C:/ST/STM32CubeCLT_1.18.0/GNU-tools-for-STM32/bin/../lib/gcc/arm-none-eabi/13.3.1/thumb/v7e-m+fp/hard\libgcc.a(_arm_addsubdf3.o)
 .debug_frame   0x00004818       0x24 C:/ST/STM32CubeCLT_1.18.0/GNU-tools-for-STM32/bin/../lib/gcc/arm-none-eabi/13.3.1/thumb/v7e-m+fp/hard\libgcc.a(_arm_fixunsdfsi.o)
 .debug_frame   0x0000483c       0x2c C:/ST/STM32CubeCLT_1.18.0/GNU-tools-for-STM32/bin/../lib/gcc/arm-none-eabi/13.3.1/thumb/v7e-m+fp/hard\libgcc.a(_aeabi_uldivmod.o)
 .debug_frame   0x00004868       0x34 C:/ST/STM32CubeCLT_1.18.0/GNU-tools-for-STM32/bin/../lib/gcc/arm-none-eabi/13.3.1/thumb/v7e-m+fp/hard\libgcc.a(_udivmoddi4.o)
 .debug_frame   0x0000489c       0x6c C:/ST/STM32CubeCLT_1.18.0/GNU-tools-for-STM32/bin/../lib/gcc/arm-none-eabi/13.3.1/../../../../arm-none-eabi/lib/thumb/v7e-m+fp/hard\libg_nano.a(libc_a-printf.o)
 .debug_frame   0x00004908       0x20 C:/ST/STM32CubeCLT_1.18.0/GNU-tools-for-STM32/bin/../lib/gcc/arm-none-eabi/13.3.1/../../../../arm-none-eabi/lib/thumb/v7e-m+fp/hard\libg_nano.a(libc_a-setbuf.o)
 .debug_frame   0x00004928       0x38 C:/ST/STM32CubeCLT_1.18.0/GNU-tools-for-STM32/bin/../lib/gcc/arm-none-eabi/13.3.1/../../../../arm-none-eabi/lib/thumb/v7e-m+fp/hard\libg_nano.a(libc_a-setvbuf.o)
 .debug_frame   0x00004960       0x20 C:/ST/STM32CubeCLT_1.18.0/GNU-tools-for-STM32/bin/../lib/gcc/arm-none-eabi/13.3.1/../../../../arm-none-eabi/lib/thumb/v7e-m+fp/hard\libg_nano.a(libc_a-errno.o)
 .debug_frame   0x00004980       0x30 C:/ST/STM32CubeCLT_1.18.0/GNU-tools-for-STM32/bin/../lib/gcc/arm-none-eabi/13.3.1/../../../../arm-none-eabi/lib/thumb/v7e-m+fp/hard\libg_nano.a(libc_a-malloc.o)
 .debug_frame   0x000049b0       0xa8 C:/ST/STM32CubeCLT_1.18.0/GNU-tools-for-STM32/bin/../lib/gcc/arm-none-eabi/13.3.1/../../../../arm-none-eabi/lib/thumb/v7e-m+fp/hard\libg_nano.a(libc_a-nano-vfprintf.o)
 .debug_frame   0x00004a58       0x60 C:/ST/STM32CubeCLT_1.18.0/GNU-tools-for-STM32/bin/../lib/gcc/arm-none-eabi/13.3.1/../../../../arm-none-eabi/lib/thumb/v7e-m+fp/hard\libg_nano.a(libc_a-nano-vfprintf_i.o)
 .debug_frame   0x00004ab8       0x58 C:/ST/STM32CubeCLT_1.18.0/GNU-tools-for-STM32/bin/../lib/gcc/arm-none-eabi/13.3.1/../../../../arm-none-eabi/lib/thumb/v7e-m+fp/hard\libg_nano.a(libc_a-makebuf.o)